<html>
<body>
<pre>
<h1>礦ision Build Log</h1>
<h2>Tool Versions:</h2>
IDE-Version: μVision V5.28.0.0
Copyright (C) 2019 ARM Ltd and ARM Germany GmbH. All rights reserved.
License Information: Deng XY, DXY, LIC=EPP56-DDXYR-VG57J-U0LMH-72GWI-EHL5D
 
Tool Versions:
Toolchain:       MDK-ARM Professional  Version: 5.28.0.0
Toolchain Path:  E:\Program Files\MDK\Keil_5\ARM\ARMCC\Bin
C Compiler:      Armcc.exe V5.06 update 6 (build 750)
Assembler:       Armasm.exe V5.06 update 6 (build 750)
Linker/Locator:  ArmLink.exe V5.06 update 6 (build 750)
Library Manager: ArmAr.exe V5.06 update 6 (build 750)
Hex Converter:   FromElf.exe V5.06 update 6 (build 750)
CPU DLL:         SARMCM3.DLL V5.28.0.0
Dialog DLL:      DCM.DLL V1.17.3.0
Target DLL:      STLink\ST-LINKIII-KEIL_SWO.dll V3.0.6.0
Dialog DLL:      TCM.DLL V1.36.2.0
 
<h2>Project:</h2>
F:\Work\RM\工作20\hero_gimbal_2020_test\USER\hero_gimbal_test.uvprojx
Project File Date:  04/20/2020

<h2>Output:</h2>
*** Using Compiler 'V5.06 update 6 (build 750)', folder: 'E:\Program Files\MDK\Keil_5\ARM\ARMCC\Bin'
Build target 'hero_gimbal_test'
compiling stm32f4xx_it.c...
compiling system_stm32f4xx.c...
compiling delay.c...
compiling main.c...
compiling pid_regulator.c...
compiling visualscope.c...
compiling ramp.c...
compiling data_fifo.c...
compiling sys.c...
compiling iwdg.c...
compiling misc.c...
compiling stm32f4xx_gpio.c...
compiling stm32f4xx_rcc.c...
compiling stm32f4xx_syscfg.c...
compiling stm32f4xx_usart.c...
compiling stm32f4xx_exti.c...
compiling stm32f4xx_tim.c...
compiling stm32f4xx_dma.c...
compiling stm32f4xx_dma2d.c...
compiling stm32f4xx_can.c...
compiling stm32f4xx_spi.c...
compiling stm32f4xx_adc.c...
compiling stm32f4xx_iwdg.c...
compiling init_task.c...
compiling control_task.c...
..\src\tasks\control_task.c(141): warning:  #1035-D: single-precision operand implicitly converted to double-precision
  			if((GetGimbalTarget().yaw_angle_target-GMYPositionPID.ref)>INTEGRAL_THRESHOLD)
..\src\tasks\control_task.c(142): warning:  #1035-D: single-precision operand implicitly converted to double-precision
  				GMYPositionPID.ref += INTEGRAL_SLOPE;
..\src\tasks\control_task.c(144): warning:  #1035-D: single-precision operand implicitly converted to double-precision
  				GMYPositionPID.ref -= INTEGRAL_SLOPE;
..\src\tasks\control_task.c(129): warning:  #550-D: variable "YawAngleBias"  was set but never used
  	static float YawAngleBias = 0.0f;
..\src\tasks\control_task.c(244): warning:  #177-D: variable "first_stop"  was declared but never referenced
  	static bool first_stop=false;///<第一次进入摩擦轮停止环时,获取当前摩擦轮位置
..\src\tasks\control_task.c(245): warning:  #177-D: variable "on_shooting"  was declared but never referenced
  	static bool on_shooting=false;
..\src\tasks\control_task.c(246): warning:  #177-D: variable "bullet_stucked_after_boot_up"  was declared but never referenced
  	static bool bullet_stucked_after_boot_up=true;///<刚开机时如果弹腔(限位开关上有弹)为了安全,不会加前推量,所以第一发大弹丸可能延迟比较高
..\src\tasks\control_task.c(247): warning:  #550-D: variable "shoot_last"  was set but never used
  	static bool shoot_last;///<上一次射击命令
..\src\tasks\control_task.c(249): warning:  #550-D: variable "limit_switch_last"  was set but never used
  	static bool limit_switch_last;///<限位开关上一次状态
..\src\tasks\control_task.c(63): warning:  #550-D: variable "single_shoot_mode"  was set but never used
  static bool single_shoot_mode=false;
..\src\tasks\control_task.c(75): warning:  #550-D: variable "fric_accel_ok"  was set but never used
  static bool fric_accel_ok=false;
..\src\tasks\control_task.c(84): warning:  #177-D: variable "friction_counter"  was declared but never referenced
  static uint16_t friction_counter;
..\src\tasks\control_task.c: 12 warnings, 0 errors
compiling judge_task.c...
compiling can_task.c...
compiling command_task.c...
compiling monitor_task.c...
compiling OLED_task.c...
..\src\tasks\OLED_task.c(98): warning:  #550-D: variable "_Button_Change"  was set but never used
  	static bool	_Button_Change=0;
..\src\tasks\OLED_task.c(99): warning:  #177-D: variable "currentTime"  was declared but never referenced
  	static portTickType currentTime;
..\src\tasks\OLED_task.c: 2 warnings, 0 errors
compiling USB_task.c...
compiling beep.c...
compiling bsp.c...
compiling key.c...
compiling led.c...
compiling dbus.c...
compiling gun.c...
compiling laser.c...
compiling spi.c...
compiling timer.c...
compiling adc.c...
compiling usart6.c...
compiling usart2.c...
compiling power.c...
compiling can.c...
..\src\bsp\can.c(543): warning:  #1035-D: single-precision operand implicitly converted to double-precision
  		motor_data[seq-1].angle-=360.0;
..\src\bsp\can.c(546): warning:  #1035-D: single-precision operand implicitly converted to double-precision
  		motor_data[seq-1].angle+=360.0;
..\src\bsp\can.c: 2 warnings, 0 errors
compiling usart3.c...
compiling uart7.c...
compiling croutine.c...
compiling uart8.c...
compiling oled.c...
compiling event_groups.c...
compiling list.c...
compiling bsp_imu.c...
..\src\bsp\bsp_imu.c(41): warning:  #550-D: variable "tx_buff"  was set but never used
  static uint8_t        tx_buff[14] = { 0xff };
..\src\bsp\bsp_imu.c: 1 warning, 0 errors
compiling stream_buffer.c...
compiling queue.c...
compiling timers.c...
compiling tasks.c...
..\freeRTOS\tasks.c(2059): warning:  #223-D: function "ConfigureTimeForRunTimeStats" declared implicitly
  		portCONFIGURE_TIMER_FOR_RUN_TIME_STATS();
..\freeRTOS\tasks.c(2531): warning:  #223-D: function "getFreeRTOSRunTimeTicks" declared implicitly
  							*pulTotalRunTime = portGET_RUN_TIME_COUNTER_VALUE();
..\freeRTOS\tasks.c(2965): warning:  #223-D: function "getFreeRTOSRunTimeTicks" declared implicitly
  				ulTotalRunTime = portGET_RUN_TIME_COUNTER_VALUE();
..\freeRTOS\tasks.c: 3 warnings, 0 errors
compiling heap_4.c...
compiling port.c...
compiling usmart_str.c...
compiling usmart_config.c...
compiling usmart.c...
compiling usb_core.c...
compiling usb_dcd.c...
compiling usbd_core.c...
compiling usb_dcd_int.c...
compiling usbd_ioreq.c...
compiling usbd_req.c...
compiling usb_bsp.c...
compiling usbd_cdc_core.c...
..\USB\STM32_USB_Device_Library\Class\cdc\src\usbd_cdc_core.c(130): warning:  #177-D: function "Handle_USBAsynchXfer2"  was declared but never referenced
  static void Handle_USBAsynchXfer2  (void *pdev);
..\USB\STM32_USB_Device_Library\Class\cdc\src\usbd_cdc_core.c: 1 warning, 0 errors
compiling usbd_cdc_vcp.c...
..\USB\USB_APP\src\usbd_cdc_vcp.c(99): warning:  #550-D: parameter "buf"  was set but never used
  void usbrecieveData(u8* buf,uint32_t* len,uint8_t Index){
..\USB\USB_APP\src\usbd_cdc_vcp.c: 1 warning, 0 errors
compiling usbd_desc.c...
compiling usbd_usr.c...
linking...
Program Size: Code=65088 RO-data=4104 RW-data=2388 ZI-data=90060  
FromELF: creating hex file...
"..\OBJ\Scu_Rm2020.axf" - 0 Error(s), 22 Warning(s).

<h2>Software Packages used:</h2>

Package Vendor: Keil
                http://www.keil.com/pack/Keil.STM32F4xx_DFP.2.13.0.pack
                Keil.STM32F4xx_DFP.2.13.0
                STMicroelectronics STM32F4 Series Device Support, Drivers and Examples

<h2>Collection of Component include folders:</h2>
  .\RTE\_hero_gimbal_test
  E:\Program Files\MDK\Packs\Keil\STM32F4xx_DFP\2.13.0\Drivers\CMSIS\Device\ST\STM32F4xx\Include

<h2>Collection of Component Files used:</h2>
Build Time Elapsed:  00:01:39
</pre>
</body>
</html>
