Component: ARM Compiler 5.06 update 6 (build 750) Tool: armlink [4d35ed]

==============================================================================

Section Cross References

    main.o(i.main) refers to bsp.o(i.BSP_Init) for BSP_Init
    main.o(i.main) refers to init_task.o(i.Task_Init) for Task_Init
    main.o(i.main) refers to tasks.o(i.vTaskStartScheduler) for vTaskStartScheduler
    main.o(i.main) refers to beep.o(i.Sing_bad_case) for Sing_bad_case
    system_stm32f4xx.o(i.SystemCoreClockUpdate) refers to system_stm32f4xx.o(.data) for SystemCoreClock
    system_stm32f4xx.o(i.SystemInit) refers to system_stm32f4xx.o(i.SetSysClock) for SetSysClock
    delay.o(i.delay_init) refers to misc.o(i.SysTick_CLKSourceConfig) for SysTick_CLKSourceConfig
    delay.o(i.delay_init) refers to delay.o(.data) for fac_us
    delay.o(i.delay_ms) refers to tasks.o(i.xTaskGetSchedulerState) for xTaskGetSchedulerState
    delay.o(i.delay_ms) refers to tasks.o(i.vTaskDelay) for vTaskDelay
    delay.o(i.delay_ms) refers to delay.o(i.delay_us) for delay_us
    delay.o(i.delay_ms) refers to delay.o(.data) for fac_ms
    delay.o(i.delay_us) refers to delay.o(.data) for fac_us
    delay.o(i.delay_xms) refers to delay.o(i.delay_us) for delay_us
    visualscope.o(i.RS232_VisualScope) refers to visualscope.o(i.RS232_VisualScope_CRC16) for RS232_VisualScope_CRC16
    visualscope.o(i.RS232_VisualScope) refers to stm32f4xx_usart.o(i.USART_SendData) for USART_SendData
    visualscope.o(i.RS232_VisualScope) refers to stm32f4xx_usart.o(i.USART_GetFlagStatus) for USART_GetFlagStatus
    visualscope.o(i.VisualScope) refers to visualscope.o(i.RS232_VisualScope_CRC16) for RS232_VisualScope_CRC16
    visualscope.o(i.VisualScope) refers to stm32f4xx_usart.o(i.USART_SendData) for USART_SendData
    visualscope.o(i.VisualScope) refers to stm32f4xx_usart.o(i.USART_GetFlagStatus) for USART_GetFlagStatus
    sys.o(i.GetSysError) refers to sys.o(.data) for sys_error
    sys.o(i.GetSysWarning) refers to sys.o(.data) for sys_warning
    sys.o(i.IfRemoteOffline) refers to dbus.o(i.GetRemoteDataTime) for GetRemoteDataTime
    sys.o(i.SysTick_Handler) refers to tasks.o(i.xTaskGetSchedulerState) for xTaskGetSchedulerState
    sys.o(i.SysTick_Handler) refers to port.o(i.xPortSysTickHandler) for xPortSysTickHandler
    sys.o(i.Sys_Error) refers to sys.o(.data) for sys_error
    sys.o(i.Sys_Error_Clean) refers to sys.o(.data) for sys_error
    sys.o(i.Sys_Warning) refers to sys.o(.data) for sys_warning
    sys.o(i.Sys_Warning_Clean) refers to sys.o(.data) for sys_warning
    sys.o(i.vApplicationStackOverflowHook) refers to beep.o(i.Sing_bad_case) for Sing_bad_case
    data_fifo.o(i.fifo_s_create) refers to malloc.o(i.malloc) for malloc
    data_fifo.o(i.fifo_s_create) refers to data_fifo.o(i.fifo_s_init) for fifo_s_init
    data_fifo.o(i.fifo_s_destory) refers to malloc.o(i.free) for free
    iwdg.o(i.IWDG_Feed) refers to stm32f4xx_iwdg.o(i.IWDG_ReloadCounter) for IWDG_ReloadCounter
    iwdg.o(i.IWDG_Init) refers to stm32f4xx_iwdg.o(i.IWDG_WriteAccessCmd) for IWDG_WriteAccessCmd
    iwdg.o(i.IWDG_Init) refers to stm32f4xx_iwdg.o(i.IWDG_SetPrescaler) for IWDG_SetPrescaler
    iwdg.o(i.IWDG_Init) refers to stm32f4xx_iwdg.o(i.IWDG_SetReload) for IWDG_SetReload
    iwdg.o(i.IWDG_Init) refers to stm32f4xx_iwdg.o(i.IWDG_ReloadCounter) for IWDG_ReloadCounter
    iwdg.o(i.IWDG_Init) refers to stm32f4xx_iwdg.o(i.IWDG_Enable) for IWDG_Enable
    startup_stm32f427xx.o(RESET) refers to startup_stm32f427xx.o(STACK) for __initial_sp
    startup_stm32f427xx.o(RESET) refers to startup_stm32f427xx.o(.text) for Reset_Handler
    startup_stm32f427xx.o(RESET) refers to stm32f4xx_it.o(i.NMI_Handler) for NMI_Handler
    startup_stm32f427xx.o(RESET) refers to stm32f4xx_it.o(i.HardFault_Handler) for HardFault_Handler
    startup_stm32f427xx.o(RESET) refers to stm32f4xx_it.o(i.MemManage_Handler) for MemManage_Handler
    startup_stm32f427xx.o(RESET) refers to stm32f4xx_it.o(i.BusFault_Handler) for BusFault_Handler
    startup_stm32f427xx.o(RESET) refers to stm32f4xx_it.o(i.UsageFault_Handler) for UsageFault_Handler
    startup_stm32f427xx.o(RESET) refers to port.o(.emb_text) for SVC_Handler
    startup_stm32f427xx.o(RESET) refers to stm32f4xx_it.o(i.DebugMon_Handler) for DebugMon_Handler
    startup_stm32f427xx.o(RESET) refers to sys.o(i.SysTick_Handler) for SysTick_Handler
    startup_stm32f427xx.o(RESET) refers to key.o(i.EXTI2_IRQHandler) for EXTI2_IRQHandler
    startup_stm32f427xx.o(RESET) refers to judge_task.o(i.DMA1_Stream5_IRQHandler) for DMA1_Stream5_IRQHandler
    startup_stm32f427xx.o(RESET) refers to can.o(i.CAN1_TX_IRQHandler) for CAN1_TX_IRQHandler
    startup_stm32f427xx.o(RESET) refers to can.o(i.CAN1_RX0_IRQHandler) for CAN1_RX0_IRQHandler
    startup_stm32f427xx.o(RESET) refers to dbus.o(i.USART1_IRQHandler) for USART1_IRQHandler
    startup_stm32f427xx.o(RESET) refers to judge_task.o(i.USART2_IRQHandler) for USART2_IRQHandler
[...]
    usmart_get_parmpos                       0x0800e535   Thumb Code    26  usmart_str.o(i.usmart_get_parmpos)
    usmart_get_runtime                       0x0800e555   Thumb Code    60  usmart.o(i.usmart_get_runtime)
    usmart_init                              0x0800e599   Thumb Code     8  usmart.o(i.usmart_init)
    usmart_pow                               0x0800e5a5   Thumb Code    22  usmart_str.o(i.usmart_pow)
    usmart_reset_runtime                     0x0800e5bd   Thumb Code    38  usmart.o(i.usmart_reset_runtime)
    usmart_scan                              0x0800e5ed   Thumb Code   120  usmart.o(i.usmart_scan)
    usmart_search_nextc                      0x0800e6a9   Thumb Code    22  usmart_str.o(i.usmart_search_nextc)
    usmart_str2num                           0x0800e6bf   Thumb Code   202  usmart_str.o(i.usmart_str2num)
    usmart_strcmp                            0x0800e789   Thumb Code    34  usmart_str.o(i.usmart_strcmp)
    usmart_strcopy                           0x0800e7ab   Thumb Code    22  usmart_str.o(i.usmart_strcopy)
    usmart_strlen                            0x0800e7c1   Thumb Code    24  usmart_str.o(i.usmart_strlen)
    usmart_sys_cmd_exe                       0x0800e7d9   Thumb Code  1554  usmart.o(i.usmart_sys_cmd_exe)
    uxListRemove                             0x0800eebd   Thumb Code    40  list.o(i.uxListRemove)
    uxTaskGetSystemState                     0x0800eee5   Thumb Code   154  tasks.o(i.uxTaskGetSystemState)
    vApplicationStackOverflowHook            0x0800ef99   Thumb Code    26  sys.o(i.vApplicationStackOverflowHook)
    vListInitialise                          0x0800efbd   Thumb Code    26  list.o(i.vListInitialise)
    vListInitialiseItem                      0x0800efd7   Thumb Code     6  list.o(i.vListInitialiseItem)
    vListInsert                              0x0800efdd   Thumb Code    52  list.o(i.vListInsert)
    vListInsertEnd                           0x0800f011   Thumb Code    24  list.o(i.vListInsertEnd)
    vPortEnterCritical                       0x0800f029   Thumb Code    76  port.o(i.vPortEnterCritical)
    vPortExitCritical                        0x0800f07d   Thumb Code    56  port.o(i.vPortExitCritical)
    vPortFree                                0x0800f0b9   Thumb Code   140  heap_4.o(i.vPortFree)
    vPortSetupTimerInterrupt                 0x0800f14d   Thumb Code    36  port.o(i.vPortSetupTimerInterrupt)
    vPortValidateInterruptPriority           0x0800f175   Thumb Code   106  port.o(i.vPortValidateInterruptPriority)
    vQueueAddToRegistry                      0x0800f1ed   Thumb Code    38  queue.o(i.vQueueAddToRegistry)
    vQueueWaitForMessageRestricted           0x0800f219   Thumb Code    74  queue.o(i.vQueueWaitForMessageRestricted)
    vTaskDelay                               0x0800f265   Thumb Code    82  tasks.o(i.vTaskDelay)
    vTaskDelayUntil                          0x0800f2c1   Thumb Code   200  tasks.o(i.vTaskDelayUntil)
    vTaskGetInfo                             0x0800f395   Thumb Code   126  tasks.o(i.vTaskGetInfo)
    vTaskGetRunTimeStats                     0x0800f419   Thumb Code   168  tasks.o(i.vTaskGetRunTimeStats)
    vTaskInternalSetTimeOutState             0x0800f4dd   Thumb Code    14  tasks.o(i.vTaskInternalSetTimeOutState)
    vTaskMissedYield                         0x0800f4f5   Thumb Code     8  tasks.o(i.vTaskMissedYield)
    vTaskPlaceOnEventList                    0x0800f501   Thumb Code    52  tasks.o(i.vTaskPlaceOnEventList)
    vTaskPlaceOnEventListRestricted          0x0800f539   Thumb Code    60  tasks.o(i.vTaskPlaceOnEventListRestricted)
    vTaskStartScheduler                      0x0800f579   Thumb Code   122  tasks.o(i.vTaskStartScheduler)
    vTaskSuspendAll                          0x0800f611   Thumb Code    12  tasks.o(i.vTaskSuspendAll)
    vTaskSwitchContext                       0x0800f621   Thumb Code   200  tasks.o(i.vTaskSwitchContext)
    xPortStartScheduler                      0x0800f705   Thumb Code   330  port.o(i.xPortStartScheduler)
    xPortSysTickHandler                      0x0800f86d   Thumb Code    46  port.o(i.xPortSysTickHandler)
    xQueueGenericCreate                      0x0800f8a1   Thumb Code    90  queue.o(i.xQueueGenericCreate)
    xQueueGenericReset                       0x0800f8fd   Thumb Code   146  queue.o(i.xQueueGenericReset)
    xQueueGenericSend                        0x0800f995   Thumb Code   420  queue.o(i.xQueueGenericSend)
    xQueueGenericSendFromISR                 0x0800fb3d   Thumb Code   248  queue.o(i.xQueueGenericSendFromISR)
    xQueueReceive                            0x0800fc35   Thumb Code   356  queue.o(i.xQueueReceive)
    xTaskCheckForTimeOut                     0x0800fd9d   Thumb Code   132  tasks.o(i.xTaskCheckForTimeOut)
    xTaskCreate                              0x0800fe29   Thumb Code    96  tasks.o(i.xTaskCreate)
    xTaskGetSchedulerState                   0x0800fe89   Thumb Code    24  tasks.o(i.xTaskGetSchedulerState)
    xTaskGetTickCount                        0x0800fea9   Thumb Code     6  tasks.o(i.xTaskGetTickCount)
    xTaskIncrementTick                       0x0800feb5   Thumb Code   282  tasks.o(i.xTaskIncrementTick)
    xTaskPriorityDisinherit                  0x0800fffd   Thumb Code   188  tasks.o(i.xTaskPriorityDisinherit)
    xTaskRemoveFromEventList                 0x080100c5   Thumb Code   128  tasks.o(i.xTaskRemoveFromEventList)
    xTaskResumeAll                           0x0801015d   Thumb Code   224  tasks.o(i.xTaskResumeAll)
    xTimerCreateTimerTask                    0x08010261   Thumb Code    66  timers.o(i.xTimerCreateTimerTask)
    xTimerGenericCommand                     0x080102b9   Thumb Code   126  timers.o(i.xTimerGenericCommand)
    tone_tab                                 0x0801033c   Data          42  beep.o(.constdata)
    Mavic_Startup_music                      0x08010366   Data           4  beep.o(.constdata)
    asc2_1206                                0x0801036a   Data        1152  oled.o(.constdata)
    gImage_logo                              0x080107ea   Data         832  oled.o(.constdata)
    LOGO_BMP                                 0x08010b2a   Data        1056  oled.o(.constdata)
    __mathlib_zero                           0x08011048   Data           8  qnan.o(.constdata)
    __ctype_categories                       0x08011050   Data          64  ctype_c.o(.constdata)
    Region$$Table$$Base                      0x08011178   Number         0  anon$$obj.o(Region$$Table)
    Region$$Table$$Limit                     0x08011198   Number         0  anon$$obj.o(Region$$Table)
    SystemCoreClock                          0x20000000   Data           4  system_stm32f4xx.o(.data)
    AHBPrescTable                            0x20000004   Data          16  system_stm32f4xx.o(.data)
    sys_warning                              0x20000018   Data           1  sys.o(.data)
    sys_error                                0x20000019   Data           1  sys.o(.data)
    CMD_Task_Handler                         0x2000002c   Data           4  init_task.o(.data)
    CAN_Task_Handler                         0x20000030   Data           4  init_task.o(.data)
    IMU_Task_Handler                         0x20000034   Data           4  init_task.o(.data)
    Control_Task_Handler                     0x20000038   Data           4  init_task.o(.data)
    Judge_Task_Handler                       0x2000003c   Data           4  init_task.o(.data)
    Monitor_Task_Handler                     0x20000040   Data           4  init_task.o(.data)
    OLED_Task_Handler                        0x20000044   Data           4  init_task.o(.data)
    USB_Task_Handler                         0x20000048   Data           4  init_task.o(.data)
    Running_Task_Handler                     0x2000004c   Data           4  init_task.o(.data)
    GMPPositionPID                           0x20000054   Data          80  control_task.o(.data)
    GMYPositionPID                           0x200000a4   Data          80  control_task.o(.data)
    RAMMERSpeedPID                           0x200000f4   Data          80  control_task.o(.data)
    RAMMERPositionPID                        0x20000144   Data          80  control_task.o(.data)
    CMRotatePID                              0x20000194   Data          80  control_task.o(.data)
    BigRammerPID                             0x200001e4   Data          80  control_task.o(.data)
    HFric1_SpeedPID                          0x20000234   Data          80  control_task.o(.data)
    HFric2_SpeedPID                          0x20000284   Data          80  control_task.o(.data)
    VFric_SpeedPID                           0x200002d4   Data          80  control_task.o(.data)
    VFric_PositionPID                        0x20000324   Data          80  control_task.o(.data)
    GMPitchRamp                              0x20000374   Data          36  control_task.o(.data)
    GMYawRamp                                0x20000398   Data          36  control_task.o(.data)
    CMRamp                                   0x200003bc   Data          36  control_task.o(.data)
    judge_data_ready                         0x200003fe   Data           1  judge_task.o(.data)
    judge_tx_data_ready                      0x200003ff   Data           1  judge_task.o(.data)
    CRC_INIT                                 0x20000400   Data           2  judge_task.o(.data)
    FreeRTOSRunTimeTicks                     0x20000418   Data           8  monitor_task.o(.data)
    t                                        0x2000046c   Data           1  usb_task.o(.data)
    len                                      0x2000046d   Data           1  usb_task.o(.data)
    times                                    0x2000046e   Data           2  usb_task.o(.data)
    usbstatus                                0x20000470   Data           1  usb_task.o(.data)
    UART_TranFifo                            0x20000488   Data           4  usart6.o(.data)
    USART_RX_STA_3                           0x20000580   Data           2  usart3.o(.data)
    UART_RX_STA_7                            0x20000582   Data           2  uart7.o(.data)
    __stdout                                 0x20000584   Data           4  uart8.o(.data)
    UART_RX_STA_8                            0x20000588   Data           2  uart8.o(.data)
    q0                                       0x2000058c   Data           4  bsp_imu.o(.data)
    q1                                       0x20000590   Data           4  bsp_imu.o(.data)
    q2                                       0x20000594   Data           4  bsp_imu.o(.data)
    q3                                       0x20000598   Data           4  bsp_imu.o(.data)
    exInt                                    0x2000059c   Data           4  bsp_imu.o(.data)
    eyInt                                    0x200005a0   Data           4  bsp_imu.o(.data)
    ezInt                                    0x200005a4   Data           4  bsp_imu.o(.data)
    last_update                              0x200005cc   Data           4  bsp_imu.o(.data)
    now_update                               0x200005d0   Data           4  bsp_imu.o(.data)
    ist_buff                                 0x200005e4   Data           6  bsp_imu.o(.data)
    id                                       0x200005ea   Data           1  bsp_imu.o(.data)
    pxCurrentTCB                             0x200005f4   Data           4  tasks.o(.data)
    sys_cmd_tab                              0x20000670   Data          28  usmart.o(.data)
    usmart_nametab                           0x2000068c   Data          48  usmart_config.o(.data)
    usmart_dev                               0x200006bc   Data         244  usmart_config.o(.data)
    SET_TEST_MODE                            0x200007b0   Data           4  usbd_core.o(.data)
    USBD_DCD_INT_cb                          0x200007b4   Data          44  usbd_core.o(.data)
    USBD_DCD_INT_fops                        0x200007e0   Data           4  usbd_core.o(.data)
    USBD_ep_status                           0x200007e4   Data           4  usbd_req.o(.data)
    USBD_default_cfg                         0x200007e8   Data           4  usbd_req.o(.data)
    USBD_cfg_status                          0x200007ec   Data           4  usbd_req.o(.data)
    CmdBuff                                  0x200007f8   Data           8  usbd_cdc_core.o(.data)
    APP_Rx_ptr_in1                           0x20000800   Data           4  usbd_cdc_core.o(.data)
    APP_Rx_ptr_out1                          0x20000804   Data           4  usbd_cdc_core.o(.data)
    APP_Rx_length1                           0x20000808   Data           4  usbd_cdc_core.o(.data)
    APP_Rx_ptr_in2                           0x2000080c   Data           4  usbd_cdc_core.o(.data)
    APP_Rx_ptr_out2                          0x20000810   Data           4  usbd_cdc_core.o(.data)
    APP_Rx_length2                           0x20000814   Data           4  usbd_cdc_core.o(.data)
    USB_Tx_State                             0x20000818   Data           2  usbd_cdc_core.o(.data)
    USBD_CDC_cb                              0x20000824   Data          44  usbd_cdc_core.o(.data)
    usbd_cdc_CfgDesc                         0x20000850   Data         141  usbd_cdc_core.o(.data)
    linecoding                               0x200008e4   Data          16  usbd_cdc_vcp.o(.data)
    USB_USART_RX_LEN                         0x200008f4   Data           8  usbd_cdc_vcp.o(.data)
    USB_USART_RX_STA                         0x200008fc   Data           4  usbd_cdc_vcp.o(.data)
    VCP_fops                                 0x20000900   Data          40  usbd_cdc_vcp.o(.data)
    USR_desc                                 0x20000928   Data          28  usbd_desc.o(.data)
    USBD_DeviceDesc                          0x20000944   Data          18  usbd_desc.o(.data)
    USBD_DeviceQualifierDesc                 0x20000956   Data          10  usbd_desc.o(.data)
    USBD_LangIDDesc                          0x20000960   Data           4  usbd_desc.o(.data)
    USBD_StringSerial                        0x20000964   Data          26  usbd_desc.o(.data)
    USR_cb                                   0x20000984   Data          28  usbd_usr.o(.data)
    __microlib_freelist                      0x200009a0   Data           4  mvars.o(.data)
    __microlib_freelist_initialised          0x200009a4   Data           4  mvars.o(.data)
    judge_dma_rxbuff                         0x200009ac   Data         800  judge_task.o(.bss)
    switch_buffer                            0x20000ccc   Data          20  judge_task.o(.bss)
    data                                     0x20000ce0   Data          13  judge_task.o(.bss)
    computer_tx_buf                          0x20000ced   Data         100  judge_task.o(.bss)
    judge_recv_mesg                          0x20001190   Data          69  judge_task.o(.bss)
    USART_RX_BUF_3                           0x200013b8   Data         200  usart3.o(.bss)
    UART_RX_BUF_7                            0x20001480   Data         200  uart7.o(.bss)
    UART_RX_BUF_8                            0x20001548   Data         200  uart8.o(.bss)
    mpu_buff                                 0x20001a10   Data          14  bsp_imu.o(.bss)
    mpu_data                                 0x20001a1e   Data          32  bsp_imu.o(.bss)
    imu                                      0x20001a40   Data          52  bsp_imu.o(.bss)
    xQueueRegistry                           0x20001a74   Data          64  queue.o(.bss)
    usbd_cdc_OtherCfgDesc                    0x200147a4   Data         141  usbd_cdc_core.o(.bss)
    USB_Rx_Buffer                            0x20014831   Data          64  usbd_cdc_core.o(.bss)
    USB_Rx2_Buffer                           0x20014871   Data          64  usbd_cdc_core.o(.bss)
    APP_Rx_Buffer                            0x200148b1   Data        1024  usbd_cdc_core.o(.bss)
    APP_Rx2_Buffer                           0x20014cb1   Data        1024  usbd_cdc_core.o(.bss)
    USB_OTG_dev                              0x200150b4   Data        1524  usbd_cdc_vcp.o(.bss)
    USB_USART_RX_BUF                         0x200156a8   Data         400  usbd_cdc_vcp.o(.bss)
    USART_PRINTF_Buffer                      0x20015838   Data         200  usbd_cdc_vcp.o(.bss)
    USBD_StrDesc                             0x20015900   Data         255  usbd_desc.o(.bss)
    __heap_base                              0x20015a00   Data           0  startup_stm32f427xx.o(HEAP)
    __heap_limit                             0x20016a00   Data           0  startup_stm32f427xx.o(HEAP)
    __initial_sp                             0x20016e00   Data           0  startup_stm32f427xx.o(STACK)



==============================================================================

Memory Map of the image

  Image Entry point : 0x080001ad

  Load Region LR_IROM1 (Base: 0x08000000, Size: 0x00011b44, Max: 0x00200000, ABSOLUTE, COMPRESSED[0x000113cc])

    Execution Region ER_IROM1 (Exec base: 0x08000000, Load base: 0x08000000, Size: 0x00011198, Max: 0x00200000, ABSOLUTE)

    Exec Addr    Load Addr    Size         Type   Attr      Idx    E Section Name        Object

    0x08000000   0x08000000   0x000001ac   Data   RO          723    RESET               startup_stm32f427xx.o
    0x080001ac   0x080001ac   0x00000000   Code   RO         7261  * .ARM.Collect$$$$00000000  mc_w.l(entry.o)
    0x080001ac   0x080001ac   0x00000004   Code   RO         7624    .ARM.Collect$$$$00000001  mc_w.l(entry2.o)
    0x080001b0   0x080001b0   0x00000004   Code   RO         7627    .ARM.Collect$$$$00000004  mc_w.l(entry5.o)
    0x080001b4   0x080001b4   0x00000000   Code   RO         7629    .ARM.Collect$$$$00000008  mc_w.l(entry7b.o)
    0x080001b4   0x080001b4   0x00000000   Code   RO         7631    .ARM.Collect$$$$0000000A  mc_w.l(entry8b.o)
    0x080001b4   0x080001b4   0x00000008   Code   RO         7632    .ARM.Collect$$$$0000000B  mc_w.l(entry9a.o)
    0x080001bc   0x080001bc   0x00000000   Code   RO         7634    .ARM.Collect$$$$0000000D  mc_w.l(entry10a.o)
    0x080001bc   0x080001bc   0x00000000   Code   RO         7636    .ARM.Collect$$$$0000000F  mc_w.l(entry11a.o)
    0x080001bc   0x080001bc   0x00000004   Code   RO         7625    .ARM.Collect$$$$00002712  mc_w.l(entry2.o)
    0x080001c0   0x080001c0   0x000000be   Code   RO         5825    .emb_text           port.o
    0x0800027e   0x0800027e   0x00000002   PAD
    0x08000280   0x08000280   0x00000024   Code   RO          724    .text               startup_stm32f427xx.o
    0x080002a4   0x080002a4   0x000005a4   Code   RO         7127    .text               RMLib.lib(fifo.o)
    0x08000848   0x08000848   0x00000024   Code   RO         7264    .text               mc_w.l(memcpya.o)
    0x0800086c   0x0800086c   0x00000024   Code   RO         7268    .text               mc_w.l(memseta.o)
    0x08000890   0x08000890   0x00000014   Code   RO         7270    .text               mc_w.l(strchr.o)
    0x080008a4   0x080008a4   0x0000000e   Code   RO         7272    .text               mc_w.l(strlen.o)
    0x080008b2   0x080008b2   0x00000012   Code   RO         7274    .text               mc_w.l(strcpy.o)
    0x080008c4   0x080008c4   0x00000038   Code   RO         7567    .text               mc_w.l(__0sscanf.o)
    0x080008fc   0x080008fc   0x0000014c   Code   RO         7569    .text               mc_w.l(_scanf_int.o)
    0x08000a48   0x08000a48   0x000000e0   Code   RO         7571    .text               mc_w.l(_scanf_str.o)
    0x08000b28   0x08000b28   0x0000014e   Code   RO         7573    .text               mf_w.l(dadd.o)
    0x08000c76   0x08000c76   0x000000e4   Code   RO         7575    .text               mf_w.l(dmul.o)
    0x08000d5a   0x08000d5a   0x000000de   Code   RO         7577    .text               mf_w.l(ddiv.o)
    0x08000e38   0x08000e38   0x00000022   Code   RO         7581    .text               mf_w.l(dflti.o)
    0x08000e5a   0x08000e5a   0x00000026   Code   RO         7583    .text               mf_w.l(f2d.o)
    0x08000e80   0x08000e80   0x00000030   Code   RO         7585    .text               mf_w.l(cdcmple.o)
    0x08000eb0   0x08000eb0   0x00000030   Code   RO         7587    .text               mf_w.l(cdrcmple.o)
    0x08000ee0   0x08000ee0   0x00000038   Code   RO         7589    .text               mf_w.l(d2f.o)
    0x08000f18   0x08000f18   0x0000002c   Code   RO         7638    .text               mc_w.l(uidiv.o)
    0x08000f44   0x08000f44   0x00000062   Code   RO         7640    .text               mc_w.l(uldiv.o)
    0x08000fa6   0x08000fa6   0x0000001e   Code   RO         7642    .text               mc_w.l(llshl.o)
    0x08000fc4   0x08000fc4   0x00000024   Code   RO         7644    .text               mc_w.l(llsshr.o)
    0x08000fe8   0x08000fe8   0x0000001c   Code   RO         7655    .text               mc_w.l(_chval.o)
    0x08001004   0x08001004   0x00000028   Code   RO         7657    .text               mc_w.l(scanf_char.o)
    0x0800102c   0x0800102c   0x00000040   Code   RO         7659    .text               mc_w.l(_sgetc.o)
    0x0800106c   0x0800106c   0x00000000   Code   RO         7661    .text               mc_w.l(iusefp.o)
    0x0800106c   0x0800106c   0x0000006e   Code   RO         7662    .text               mf_w.l(fepilogue.o)
    0x080010da   0x080010da   0x000000ba   Code   RO         7664    .text               mf_w.l(depilogue.o)
    0x08001194   0x08001194   0x000000a2   Code   RO         7666    .text               mf_w.l(dsqrt.o)
    0x08001236   0x08001236   0x00000030   Code   RO         7668    .text               mf_w.l(dfixul.o)
    0x08001266   0x08001266   0x00000002   PAD
    0x08001268   0x08001268   0x00000024   Code   RO         7670    .text               mc_w.l(init.o)
    0x0800128c   0x0800128c   0x00000020   Code   RO         7672    .text               mc_w.l(llushr.o)
    0x080012ac   0x080012ac   0x0000000a   Code   RO         7674    .text               mc_w.l(isspace_c.o)
    0x080012b6   0x080012b6   0x00000002   PAD
    0x080012b8   0x080012b8   0x0000032c   Code   RO         7676    .text               mc_w.l(_scanf.o)
    0x080015e4   0x080015e4   0x00000028   Code   RO         7678    .text               mc_w.l(ctype_c.o)
    0x0800160c   0x0800160c   0x00000056   Code   RO         7689    .text               mc_w.l(__dczerorl2.o)
    0x08001662   0x08001662   0x00000006   Code   RO         2661    i.ADC_ClearFlag     stm32f4xx_adc.o
    0x08001668   0x08001668   0x00000016   Code   RO         2663    i.ADC_Cmd           stm32f4xx_adc.o
    0x0800167e   0x0800167e   0x00000002   PAD
    0x08001680   0x08001680   0x00000030   Code   RO         2664    i.ADC_CommonInit    stm32f4xx_adc.o
    0x080016b0   0x080016b0   0x00000008   Code   RO         2675    i.ADC_GetConversionValue  stm32f4xx_adc.o
    0x080016b8   0x080016b8   0x00000012   Code   RO         2676    i.ADC_GetFlagStatus  stm32f4xx_adc.o
    0x080016ca   0x080016ca   0x00000002   PAD
    0x080016cc   0x080016cc   0x00000054   Code   RO         2683    i.ADC_Init          stm32f4xx_adc.o
    0x08001720   0x08001720   0x000000b8   Code   RO         2688    i.ADC_RegularChannelConfig  stm32f4xx_adc.o
    0x080017d8   0x080017d8   0x0000000a   Code   RO         2690    i.ADC_SoftwareStartConv  stm32f4xx_adc.o
    0x080017e2   0x080017e2   0x00000002   PAD
    0x080017e4   0x080017e4   0x0000002c   Code   RO         2693    i.ADC_TempSensorVrefintCmd  stm32f4xx_adc.o
    0x08001810   0x08001810   0x000000a0   Code   RO         3782    i.BEEP_Configuration  beep.o
    0x080018b0   0x080018b0   0x00000008   Code   RO         3783    i.BEEP_Init         beep.o
    0x080018b8   0x080018b8   0x00000070   Code   RO         3753    i.BSP_Init          bsp.o
    0x08001928   0x08001928   0x0000001e   Code   RO         3754    i.BSP_Pre_Init      bsp.o
    0x08001946   0x08001946   0x00000002   PAD
    0x08001948   0x08001948   0x00000190   Code   RO         3045    i.BigBulletFric_Control_Prc  control_task.o
    0x08001ad8   0x08001ad8   0x0000005c   Code   RO         3046    i.BigBulletRammer_Control_Prc  control_task.o
    0x08001b34   0x08001b34   0x00000004   Code   RO          258    i.BusFault_Handler  stm32f4xx_it.o
    0x08001b38   0x08001b38   0x00000118   Code   RO         4211    i.CAN1_Init         can.o
    0x08001c50   0x08001c50   0x0000003c   Code   RO         4212    i.CAN1_RX0_IRQHandler  can.o
    0x08001c8c   0x08001c8c   0x0000001c   Code   RO         4213    i.CAN1_TX_IRQHandler  can.o
    0x08001ca8   0x08001ca8   0x00000120   Code   RO         4214    i.CAN2_Init         can.o
    0x08001dc8   0x08001dc8   0x00000030   Code   RO         4215    i.CAN2_RX0_IRQHandler  can.o
    0x08001df8   0x08001df8   0x0000001c   Code   RO         4216    i.CAN2_TX_IRQHandler  can.o
    0x08001e14   0x08001e14   0x00000038   Code   RO         2331    i.CAN_ClearFlag     stm32f4xx_can.o
    0x08001e4c   0x08001e4c   0x000000a8   Code   RO         2332    i.CAN_ClearITPendingBit  stm32f4xx_can.o
    0x08001ef4   0x08001ef4   0x00000038   Code   RO         2334    i.CAN_DeInit        stm32f4xx_can.o
    0x08001f2c   0x08001f2c   0x00000078   Code   RO         3418    i.CAN_Device_Init   can_task.o
    0x08001fa4   0x08001fa4   0x00000108   Code   RO         2336    i.CAN_FilterInit    stm32f4xx_can.o
    0x080020ac   0x080020ac   0x00000120   Code   RO         2338    i.CAN_GetITStatus   stm32f4xx_can.o
    0x080021cc   0x080021cc   0x000000e4   Code   RO         4217    i.CAN_ID_CHECK      can.o
    0x080022b0   0x080022b0   0x00000012   Code   RO         2342    i.CAN_ITConfig      stm32f4xx_can.o
    0x080022c2   0x080022c2   0x00000114   Code   RO         2343    i.CAN_Init          stm32f4xx_can.o
    0x080023d6   0x080023d6   0x00000002   PAD
    0x080023d8   0x080023d8   0x00000224   Code   RO         4218    i.CAN_Motor_Config  can.o
    0x080025fc   0x080025fc   0x000000f0   Code   RO         2346    i.CAN_Receive       stm32f4xx_can.o
    0x080026ec   0x080026ec   0x00000020   Code   RO         2349    i.CAN_StructInit    stm32f4xx_can.o
    0x0800270c   0x0800270c   0x00000018   Code   RO         2949    i.CAN_Task          init_task.o
    0x08002724   0x08002724   0x00000126   Code   RO         2351    i.CAN_Transmit      stm32f4xx_can.o
    0x0800284a   0x0800284a   0x00000002   PAD
    0x0800284c   0x0800284c   0x0000009c   Code   RO         4219    i.CAN_id_send_Print  can.o
    0x080028e8   0x080028e8   0x00000002   Code   RO         3047    i.CMControlLoop     control_task.o
    0x080028ea   0x080028ea   0x00000018   Code   RO         2950    i.CMD_Task          init_task.o
    0x08002902   0x08002902   0x0000000a   Code   RO         3419    i.CanMsgPrc         can_task.o
    0x0800290c   0x0800290c   0x00000012   Code   RO         2354    i.CheckITStatus     stm32f4xx_can.o
    0x0800291e   0x0800291e   0x00000002   PAD
    0x08002920   0x08002920   0x0000002c   Code   RO         3444    i.CommandVariableInit  command_task.o
    0x0800294c   0x0800294c   0x00000014   Code   RO         3526    i.ConfigureTimeForRunTimeStats  monitor_task.o
    0x08002960   0x08002960   0x00000020   Code   RO         3048    i.ControlPrc        control_task.o
    0x08002980   0x08002980   0x00000078   Code   RO         3049    i.ControlVariableInit  control_task.o
    0x080029f8   0x080029f8   0x00000018   Code   RO         2951    i.Control_Task      init_task.o
    0x08002a10   0x08002a10   0x0000004a   Code   RO         6365    i.DCD_EP_Close      usb_dcd.o
    0x08002a5a   0x08002a5a   0x00000048   Code   RO         6366    i.DCD_EP_ClrStall   usb_dcd.o
    0x08002aa2   0x08002aa2   0x00000068   Code   RO         6368    i.DCD_EP_Open       usb_dcd.o
    0x08002b0a   0x08002b0a   0x00000052   Code   RO         6369    i.DCD_EP_PrepareRx  usb_dcd.o
    0x08002b5c   0x08002b5c   0x0000001c   Code   RO         6370    i.DCD_EP_SetAddress  usb_dcd.o
    0x08002b78   0x08002b78   0x00000048   Code   RO         6371    i.DCD_EP_Stall      usb_dcd.o
    0x08002bc0   0x08002bc0   0x0000004e   Code   RO         6372    i.DCD_EP_Tx         usb_dcd.o
    0x08002c0e   0x08002c0e   0x00000002   PAD
    0x08002c10   0x08002c10   0x00000198   Code   RO         6455    i.DCD_HandleEnumDone_ISR  usb_dcd_int.o
    0x08002da8   0x08002da8   0x00000128   Code   RO         6456    i.DCD_HandleInEP_ISR  usb_dcd_int.o
    0x08002ed0   0x08002ed0   0x00000100   Code   RO         6457    i.DCD_HandleOutEP_ISR  usb_dcd_int.o
    0x08002fd0   0x08002fd0   0x0000006c   Code   RO         6458    i.DCD_HandleResume_ISR  usb_dcd_int.o
    0x0800303c   0x0800303c   0x000000b0   Code   RO         6459    i.DCD_HandleRxStatusQueueLevel_ISR  usb_dcd_int.o
    0x080030ec   0x080030ec   0x0000002c   Code   RO         6460    i.DCD_HandleSof_ISR  usb_dcd_int.o
    0x08003118   0x08003118   0x000000a8   Code   RO         6461    i.DCD_HandleUSBSuspend_ISR  usb_dcd_int.o
    0x080031c0   0x080031c0   0x00000104   Code   RO         6462    i.DCD_HandleUsbReset_ISR  usb_dcd_int.o
    0x080032c4   0x080032c4   0x0000009c   Code   RO         6374    i.DCD_Init          usb_dcd.o
    0x08003360   0x08003360   0x0000002c   Code   RO         6463    i.DCD_IsoINIncomplete_ISR  usb_dcd_int.o
    0x0800338c   0x0800338c   0x0000002c   Code   RO         6464    i.DCD_IsoOUTIncomplete_ISR  usb_dcd_int.o
    0x080033b8   0x080033b8   0x00000028   Code   RO         6465    i.DCD_ReadDevInEP   usb_dcd_int.o
    0x080033e0   0x080033e0   0x000000ac   Code   RO         6466    i.DCD_WriteEmptyTxFifo  usb_dcd_int.o
    0x0800348c   0x0800348c   0x0000002c   Code   RO         3236    i.DMA1_Stream5_IRQHandler  judge_task.o
    0x080034b8   0x080034b8   0x00000034   Code   RO         2074    i.DMA_ClearFlag     stm32f4xx_dma.o
    0x080034ec   0x080034ec   0x00000034   Code   RO         2075    i.DMA_ClearITPendingBit  stm32f4xx_dma.o
    0x08003520   0x08003520   0x00000016   Code   RO         2076    i.DMA_Cmd           stm32f4xx_dma.o
    0x08003536   0x08003536   0x00000002   PAD
    0x08003538   0x08003538   0x00000158   Code   RO         2077    i.DMA_DeInit        stm32f4xx_dma.o
    0x08003690   0x08003690   0x00000016   Code   RO         2078    i.DMA_DoubleBufferModeCmd  stm32f4xx_dma.o
    0x080036a6   0x080036a6   0x00000018   Code   RO         2079    i.DMA_DoubleBufferModeConfig  stm32f4xx_dma.o
    0x080036be   0x080036be   0x00000008   Code   RO         2082    i.DMA_GetCurrDataCounter  stm32f4xx_dma.o
    0x080036c6   0x080036c6   0x00000014   Code   RO         2083    i.DMA_GetCurrentMemoryTarget  stm32f4xx_dma.o
    0x080036da   0x080036da   0x00000002   PAD
    0x080036dc   0x080036dc   0x00000064   Code   RO         2086    i.DMA_GetITStatus   stm32f4xx_dma.o
    0x08003740   0x08003740   0x00000058   Code   RO         2088    i.DMA_Init          stm32f4xx_dma.o
    0x08003798   0x08003798   0x00000004   Code   RO         2091    i.DMA_SetCurrDataCounter  stm32f4xx_dma.o
    0x0800379c   0x0800379c   0x00000154   Code   RO         3893    i.Dbus_Init         dbus.o
    0x080038f0   0x080038f0   0x00000002   Code   RO          259    i.DebugMon_Handler  stm32f4xx_it.o
    0x080038f2   0x080038f2   0x00000002   PAD
    0x080038f4   0x080038f4   0x00000028   Code   RO         3835    i.EXTI2_IRQHandler  key.o
    0x0800391c   0x0800391c   0x0000000c   Code   RO         2013    i.EXTI_ClearITPendingBit  stm32f4xx_exti.o
    0x08003928   0x08003928   0x00000018   Code   RO         2017    i.EXTI_GetITStatus  stm32f4xx_exti.o
    0x08003940   0x08003940   0x00000094   Code   RO         2018    i.EXTI_Init         stm32f4xx_exti.o
    0x080039d4   0x080039d4   0x00000084   Code   RO         3050    i.FRIC_PID          control_task.o
    0x08003a58   0x08003a58   0x00000088   Code   RO         3051    i.FRIC_PID_MIN      control_task.o
    0x08003ae0   0x08003ae0   0x00000088   Code   RO         3052    i.FRIC_PID_PLUS     control_task.o
    0x08003b68   0x08003b68   0x00000018   Code   RO         3527    i.FreeRTOSRunTimeTicks_Add  monitor_task.o
    0x08003b80   0x08003b80   0x00000088   Code   RO         3053    i.GMP_PID_MIN       control_task.o
    0x08003c08   0x08003c08   0x00000088   Code   RO         3054    i.GMP_PID_PLUS      control_task.o
    0x08003c90   0x08003c90   0x00000088   Code   RO         3055    i.GMPitchControlLoop  control_task.o
    0x08003d18   0x08003d18   0x00000088   Code   RO         3056    i.GMY_PID_MIN       control_task.o
    0x08003da0   0x08003da0   0x00000088   Code   RO         3057    i.GMY_PID_PLUS      control_task.o
    0x08003e28   0x08003e28   0x00000010   Code   RO         3058    i.GMYawControlLoop  control_task.o
    0x08003e38   0x08003e38   0x00000090   Code   RO          775    i.GPIO_Init         stm32f4xx_gpio.o
    0x08003ec8   0x08003ec8   0x00000046   Code   RO          776    i.GPIO_PinAFConfig  stm32f4xx_gpio.o
    0x08003f0e   0x08003f0e   0x00000004   Code   RO          782    i.GPIO_ResetBits    stm32f4xx_gpio.o
    0x08003f12   0x08003f12   0x00000004   Code   RO          783    i.GPIO_SetBits      stm32f4xx_gpio.o
    0x08003f16   0x08003f16   0x0000000a   Code   RO          787    i.GPIO_WriteBit     stm32f4xx_gpio.o
    0x08003f20   0x08003f20   0x00000030   Code   RO         3952    i.GUN_Switch_Init   gun.o
    0x08003f50   0x08003f50   0x00000010   Code   RO         3446    i.GetGimbalTarget   command_task.o
    0x08003f60   0x08003f60   0x00000004   Code   RO         3447    i.GetInputMode      command_task.o
    0x08003f64   0x08003f64   0x00000068   Code   RO         4220    i.GetMotorData      can.o
    0x08003fcc   0x08003fcc   0x00000014   Code   RO         3895    i.GetRcData         dbus.o
    0x08003fe0   0x08003fe0   0x0000000c   Code   RO         3896    i.GetRemoteDataTime  dbus.o
    0x08003fec   0x08003fec   0x0000000c   Code   RO          522    i.GetSysError       sys.o
    0x08003ff8   0x08003ff8   0x0000000c   Code   RO          523    i.GetSysWarning     sys.o
    0x08004004   0x08004004   0x0000000c   Code   RO         3060    i.GetWorkState      control_task.o
    0x08004010   0x08004010   0x00000014   Code   RO         4629    i.Get_IMU_data      bsp_imu.o
    0x08004024   0x08004024   0x00000034   Code   RO         6983    i.Get_SerialNum     usbd_desc.o
    0x08004058   0x08004058   0x0000000c   Code   RO         7057    i.Get_USBConnectState  usbd_usr.o
    0x08004064   0x08004064   0x0000004c   Code   RO         3448    i.GimbalAngleLimit  command_task.o
    0x080040b0   0x080040b0   0x0000020c   Code   RO         3061    i.GimbalControlModeSwitch  control_task.o
    0x080042bc   0x080042bc   0x00000038   Code   RO         3062    i.GimbalMotorOutput  control_task.o
    0x080042f4   0x080042f4   0x000000dc   Code   RO         6790    i.Handle_USBAsynchXfer1  usbd_cdc_core.o
    0x080043d0   0x080043d0   0x000000dc   Code   RO         6791    i.Handle_USBAsynchXfer2  usbd_cdc_core.o
    0x080044ac   0x080044ac   0x00000004   Code   RO          260    i.HardFault_Handler  stm32f4xx_it.o
    0x080044b0   0x080044b0   0x00000016   Code   RO         2952    i.IMU_Task          init_task.o
    0x080044c6   0x080044c6   0x00000018   Code   RO          524    i.IfRemoteOffline   sys.o
    0x080044de   0x080044de   0x0000003e   Code   RO         6984    i.IntToUnicode      usbd_desc.o
    0x0800451c   0x0800451c   0x00000088   Code   RO         3245    i.JudgeSystemDMA_Init  judge_task.o
    0x080045a4   0x080045a4   0x00000074   Code   RO         3246    i.Judge_Init        judge_task.o
    0x08004618   0x08004618   0x00000080   Code   RO         3836    i.KEY_Init          key.o
    0x08004698   0x08004698   0x00000028   Code   RO         3837    i.Key_Touch         key.o
    0x080046c0   0x080046c0   0x0000008c   Code   RO         3867    i.LED_Configuration  led.o
    0x0800474c   0x0800474c   0x00000048   Code   RO         3868    i.LED_Init          led.o
    0x08004794   0x08004794   0x0000003c   Code   RO         3980    i.Laser_Configuration  laser.o
    0x080047d0   0x080047d0   0x00000018   Code   RO         3981    i.Laser_Init        laser.o
    0x080047e8   0x080047e8   0x00000004   Code   RO          261    i.MemManage_Handler  stm32f4xx_it.o
    0x080047ec   0x080047ec   0x00000002   Code   RO         3528    i.MonitorPrc        monitor_task.o
    0x080047ee   0x080047ee   0x00000002   PAD
    0x080047f0   0x080047f0   0x00000084   Code   RO         3063    i.Monitor_Pitch_PID  control_task.o
    0x08004874   0x08004874   0x00000018   Code   RO         2954    i.Monitor_Task      init_task.o
    0x0800488c   0x0800488c   0x00000084   Code   RO         3064    i.Monitor_Yaw_PID   control_task.o
    0x08004910   0x08004910   0x00000138   Code   RO         3449    i.MouseKeyCmdPrc    command_task.o
    0x08004a48   0x08004a48   0x00000002   Code   RO         3450    i.MouseShootControl  command_task.o
    0x08004a4a   0x08004a4a   0x00000002   Code   RO          262    i.NMI_Handler       stm32f4xx_it.o
    0x08004a4c   0x08004a4c   0x00000078   Code   RO          730    i.NVIC_Init         misc.o
    0x08004ac4   0x08004ac4   0x00000014   Code   RO          731    i.NVIC_PriorityGroupConfig  misc.o
    0x08004ad8   0x08004ad8   0x00000110   Code   RO         3581    i.OLED_Button       oled_task.o
    0x08004be8   0x08004be8   0x0000009c   Code   RO         4143    i.OLED_Button_ADC_init  adc.o
    0x08004c84   0x08004c84   0x000000e8   Code   RO         3582    i.OLED_Prc          oled_task.o
    0x08004d6c   0x08004d6c   0x00000018   Code   RO         2955    i.OLED_Task         init_task.o
    0x08004d84   0x08004d84   0x00000010   Code   RO         7058    i.OTG_FS_IRQHandler  usbd_usr.o
    0x08004d94   0x08004d94   0x000000d6   Code   RO          446    i.PID_Calc          pid_regulator.o
    0x08004e6a   0x08004e6a   0x00000002   PAD
    0x08004e6c   0x08004e6c   0x00000038   Code   RO          447    i.PID_Reset         pid_regulator.o
    0x08004ea4   0x08004ea4   0x00000014   Code   RO         4357    i.Power_Init        power.o
    0x08004eb8   0x08004eb8   0x00000034   Code   RO         4358    i.Power_ctrl_Configuration  power.o
    0x08004eec   0x08004eec   0x00000020   Code   RO          872    i.RCC_AHB1PeriphClockCmd  stm32f4xx_rcc.o
    0x08004f0c   0x08004f0c   0x00000020   Code   RO          875    i.RCC_AHB2PeriphClockCmd  stm32f4xx_rcc.o
    0x08004f2c   0x08004f2c   0x00000020   Code   RO          881    i.RCC_APB1PeriphClockCmd  stm32f4xx_rcc.o
    0x08004f4c   0x08004f4c   0x00000020   Code   RO          883    i.RCC_APB1PeriphResetCmd  stm32f4xx_rcc.o
    0x08004f6c   0x08004f6c   0x00000020   Code   RO          884    i.RCC_APB2PeriphClockCmd  stm32f4xx_rcc.o
    0x08004f8c   0x08004f8c   0x00000020   Code   RO          886    i.RCC_APB2PeriphResetCmd  stm32f4xx_rcc.o
    0x08004fac   0x08004fac   0x000000e8   Code   RO          893    i.RCC_GetClocksFreq  stm32f4xx_rcc.o
    0x08005094   0x08005094   0x00000030   Code   RO          469    i.RampCalc          ramp.o
    0x080050c4   0x080050c4   0x00000004   Code   RO          470    i.RampInit          ramp.o
    0x080050c8   0x080050c8   0x00000012   Code   RO          471    i.RampIsOverflow    ramp.o
    0x080050da   0x080050da   0x00000006   Code   RO          472    i.RampResetCounter  ramp.o
    0x080050e0   0x080050e0   0x00000004   Code   RO          473    i.RampSetCounter    ramp.o
    0x080050e4   0x080050e4   0x00000004   Code   RO          474    i.RampSetScale      ramp.o
    0x080050e8   0x080050e8   0x00000040   Code   RO         3451    i.RcCmdPrc          command_task.o
    0x08005128   0x08005128   0x000000c4   Code   RO         3452    i.RemoteCmdPrc      command_task.o
    0x080051ec   0x080051ec   0x00000074   Code   RO         3453    i.RemoteShootCmdPrc  command_task.o
    0x08005260   0x08005260   0x000000bc   Code   RO         2956    i.Running_Task      init_task.o
    0x0800531c   0x0800531c   0x00000124   Code   RO         4006    i.SPI1_Init         spi.o
    0x08005440   0x08005440   0x00000024   Code   RO         4007    i.SPI1_WriteByte    spi.o
    0x08005464   0x08005464   0x0000010c   Code   RO         4008    i.SPI5_Init         spi.o
    0x08005570   0x08005570   0x00000018   Code   RO         2498    i.SPI_CalculateCRC  stm32f4xx_spi.o
    0x08005588   0x08005588   0x00000018   Code   RO         2499    i.SPI_Cmd           stm32f4xx_spi.o
    0x080055a0   0x080055a0   0x00000012   Code   RO         2507    i.SPI_I2S_GetFlagStatus  stm32f4xx_spi.o
    0x080055b2   0x080055b2   0x00000006   Code   RO         2510    i.SPI_I2S_ReceiveData  stm32f4xx_spi.o
    0x080055b8   0x080055b8   0x00000004   Code   RO         2511    i.SPI_I2S_SendData  stm32f4xx_spi.o
    0x080055bc   0x080055bc   0x0000003c   Code   RO         2512    i.SPI_Init          stm32f4xx_spi.o
    0x080055f8   0x080055f8   0x00000038   Code   RO         4009    i.SPI_ReadWriteByte  spi.o
    0x08005630   0x08005630   0x00000018   Code   RO         2516    i.SPI_TIModeCmd     stm32f4xx_spi.o
    0x08005648   0x08005648   0x00000040   Code   RO         1209    i.SYSCFG_EXTILineConfig  stm32f4xx_syscfg.o
    0x08005688   0x08005688   0x00000130   Code   RO         4222    i.SendMotorCurrent  can.o
    0x080057b8   0x080057b8   0x00000074   Code   RO         3454    i.SetInputMode      command_task.o
    0x0800582c   0x0800582c   0x00000448   Code   RO         4223    i.SetMotorCurrent   can.o
    0x08005c74   0x08005c74   0x0000000c   Code   RO         3067    i.SetSingleShootMode  control_task.o
    0x08005c80   0x08005c80   0x00000120   Code   RO          337    i.SetSysClock       system_stm32f4xx.o
    0x08005da0   0x08005da0   0x00000010   Code   RO         3068    i.SetWorkState      control_task.o
    0x08005db0   0x08005db0   0x0000000c   Code   RO         3069    i.ShootCMD          control_task.o
    0x08005dbc   0x08005dbc   0x00000034   Code   RO         3784    i.Sing              beep.o
    0x08005df0   0x08005df0   0x00000020   Code   RO         3786    i.Sing_bad_case     beep.o
    0x08005e10   0x08005e10   0x0000000c   Code   RO         3071    i.StartBigFric      control_task.o
    0x08005e1c   0x08005e1c   0x0000000c   Code   RO         3072    i.StopBigFric       control_task.o
    0x08005e28   0x08005e28   0x00000028   Code   RO          734    i.SysTick_CLKSourceConfig  misc.o
    0x08005e50   0x08005e50   0x00000010   Code   RO          525    i.SysTick_Handler   sys.o
    0x08005e60   0x08005e60   0x0000000c   Code   RO          529    i.Sys_Warning_Clean  sys.o
    0x08005e6c   0x08005e6c   0x00000068   Code   RO          339    i.SystemInit        system_stm32f4xx.o
    0x08005ed4   0x08005ed4   0x00000020   Code   RO         4049    i.TIM6_DAC_IRQHandler  timer.o
    0x08005ef4   0x08005ef4   0x00000064   Code   RO         4050    i.TIM6_Init         timer.o
    0x08005f58   0x08005f58   0x00000018   Code   RO         1454    i.TIM_ARRPreloadConfig  stm32f4xx_tim.o
    0x08005f70   0x08005f70   0x00000006   Code   RO         1460    i.TIM_ClearFlag     stm32f4xx_tim.o
    0x08005f76   0x08005f76   0x00000006   Code   RO         1461    i.TIM_ClearITPendingBit  stm32f4xx_tim.o
    0x08005f7c   0x08005f7c   0x00000018   Code   RO         1466    i.TIM_Cmd           stm32f4xx_tim.o
    0x08005f94   0x08005f94   0x00000006   Code   RO         1485    i.TIM_GetCounter    stm32f4xx_tim.o
    0x08005f9a   0x08005f9a   0x00000012   Code   RO         1486    i.TIM_GetFlagStatus  stm32f4xx_tim.o
    0x08005fac   0x08005fac   0x00000022   Code   RO         1487    i.TIM_GetITStatus   stm32f4xx_tim.o
    0x08005fce   0x08005fce   0x00000012   Code   RO         1491    i.TIM_ITConfig      stm32f4xx_tim.o
    0x08005fe0   0x08005fe0   0x0000007c   Code   RO         1495    i.TIM_OC1Init       stm32f4xx_tim.o
    0x0800605c   0x0800605c   0x00000012   Code   RO         1498    i.TIM_OC1PreloadConfig  stm32f4xx_tim.o
    0x0800606e   0x0800606e   0x00000004   Code   RO         1526    i.TIM_SetAutoreload  stm32f4xx_tim.o
    0x08006072   0x08006072   0x00000004   Code   RO         1532    i.TIM_SetCounter    stm32f4xx_tim.o
    0x08006076   0x08006076   0x00000002   PAD
    0x08006078   0x08006078   0x00000084   Code   RO         1538    i.TIM_TimeBaseInit  stm32f4xx_tim.o
    0x080060fc   0x080060fc   0x00000158   Code   RO         2957    i.Task_Init         init_task.o
    0x08006254   0x08006254   0x00000088   Code   RO         4383    i.UART7_IRQHandler  uart7.o
    0x080062dc   0x080062dc   0x00000088   Code   RO         4422    i.UART8_IRQHandler  uart8.o
    0x08006364   0x08006364   0x000000ac   Code   RO         4423    i.UART8_Init        uart8.o
    0x08006410   0x08006410   0x000000dc   Code   RO         3897    i.USART1_IRQHandler  dbus.o
    0x080064ec   0x080064ec   0x00000024   Code   RO         3248    i.USART2_IRQHandler  judge_task.o
    0x08006510   0x08006510   0x000000c4   Code   RO         4169    i.USART2_Init       usart2.o
    0x080065d4   0x080065d4   0x00000088   Code   RO         4318    i.USART3_IRQHandler  usart3.o
    0x0800665c   0x0800665c   0x00000130   Code   RO         4082    i.USART6_IRQHandler  usart6.o
    0x0800678c   0x0800678c   0x00000012   Code   RO         1262    i.USART_ClearFlag   stm32f4xx_usart.o
    0x0800679e   0x0800679e   0x00000018   Code   RO         1266    i.USART_Cmd         stm32f4xx_usart.o
    0x080067b6   0x080067b6   0x00000012   Code   RO         1267    i.USART_DMACmd      stm32f4xx_usart.o
    0x080067c8   0x080067c8   0x000000f0   Code   RO         1268    i.USART_DeInit      stm32f4xx_usart.o
    0x080068b8   0x080068b8   0x00000054   Code   RO         1270    i.USART_GetITStatus  stm32f4xx_usart.o
    0x0800690c   0x0800690c   0x0000004a   Code   RO         1272    i.USART_ITConfig    stm32f4xx_usart.o
    0x08006956   0x08006956   0x00000002   PAD
    0x08006958   0x08006958   0x000000d4   Code   RO         1273    i.USART_Init        stm32f4xx_usart.o
    0x08006a2c   0x08006a2c   0x0000000a   Code   RO         1280    i.USART_ReceiveData  stm32f4xx_usart.o
    0x08006a36   0x08006a36   0x00000008   Code   RO         1283    i.USART_SendData    stm32f4xx_usart.o
    0x08006a3e   0x08006a3e   0x00000016   Code   RO         6539    i.USBD_ClrCfg       usbd_core.o
    0x08006a54   0x08006a54   0x00000048   Code   RO         6692    i.USBD_ClrFeature   usbd_req.o
    0x08006a9c   0x08006a9c   0x0000001e   Code   RO         6636    i.USBD_CtlContinueRx  usbd_ioreq.o
    0x08006aba   0x08006aba   0x0000001e   Code   RO         6637    i.USBD_CtlContinueSendData  usbd_ioreq.o
    0x08006ad8   0x08006ad8   0x0000001e   Code   RO         6693    i.USBD_CtlError     usbd_req.o
    0x08006af6   0x08006af6   0x0000002e   Code   RO         6638    i.USBD_CtlPrepareRx  usbd_ioreq.o
    0x08006b24   0x08006b24   0x00000024   Code   RO         6639    i.USBD_CtlReceiveStatus  usbd_ioreq.o
    0x08006b48   0x08006b48   0x0000002e   Code   RO         6640    i.USBD_CtlSendData  usbd_ioreq.o
    0x08006b76   0x08006b76   0x00000024   Code   RO         6641    i.USBD_CtlSendStatus  usbd_ioreq.o
    0x08006b9a   0x08006b9a   0x000000e8   Code   RO         6540    i.USBD_DataInStage  usbd_core.o
    0x08006c82   0x08006c82   0x00000096   Code   RO         6541    i.USBD_DataOutStage  usbd_core.o
    0x08006d18   0x08006d18   0x00000006   Code   RO         6542    i.USBD_DeInit       usbd_core.o
    0x08006d1e   0x08006d1e   0x00000002   PAD
    0x08006d20   0x08006d20   0x00000054   Code   RO         6694    i.USBD_GetConfig    usbd_req.o
    0x08006d74   0x08006d74   0x00000112   Code   RO         6695    i.USBD_GetDescriptor  usbd_req.o
    0x08006e86   0x08006e86   0x00000014   Code   RO         6696    i.USBD_GetLen       usbd_req.o
    0x08006e9a   0x08006e9a   0x00000002   PAD
    0x08006e9c   0x08006e9c   0x00000050   Code   RO         6697    i.USBD_GetStatus    usbd_req.o
    0x08006eec   0x08006eec   0x00000052   Code   RO         6698    i.USBD_GetString    usbd_req.o
    0x08006f3e   0x08006f3e   0x00000042   Code   RO         6543    i.USBD_Init         usbd_core.o
    0x08006f80   0x08006f80   0x00000012   Code   RO         6544    i.USBD_IsoINIncomplete  usbd_core.o
    0x08006f92   0x08006f92   0x00000012   Code   RO         6545    i.USBD_IsoOUTIncomplete  usbd_core.o
    0x08006fa4   0x08006fa4   0x000000e0   Code   RO         6467    i.USBD_OTG_ISR_Handler  usb_dcd_int.o
    0x08007084   0x08007084   0x00000048   Code   RO         6699    i.USBD_ParseSetupRequest  usbd_req.o
    0x080070cc   0x080070cc   0x00000032   Code   RO         6546    i.USBD_Reset        usbd_core.o
    0x080070fe   0x080070fe   0x0000001e   Code   RO         6547    i.USBD_Resume       usbd_core.o
    0x0800711c   0x0800711c   0x00000014   Code   RO         6548    i.USBD_RunTestMode  usbd_core.o
    0x08007130   0x08007130   0x0000001a   Code   RO         6549    i.USBD_SOF          usbd_core.o
    0x0800714a   0x0800714a   0x0000005c   Code   RO         6700    i.USBD_SetAddress   usbd_req.o
    0x080071a6   0x080071a6   0x0000001e   Code   RO         6550    i.USBD_SetCfg       usbd_core.o
    0x080071c4   0x080071c4   0x000000d0   Code   RO         6701    i.USBD_SetConfig    usbd_req.o
    0x08007294   0x08007294   0x000000b0   Code   RO         6702    i.USBD_SetFeature   usbd_req.o
    0x08007344   0x08007344   0x00000054   Code   RO         6551    i.USBD_SetupStage   usbd_core.o
    0x08007398   0x08007398   0x00000072   Code   RO         6703    i.USBD_StdDevReq    usbd_req.o
    0x0800740a   0x0800740a   0x00000002   PAD
    0x0800740c   0x0800740c   0x00000178   Code   RO         6704    i.USBD_StdEPReq     usbd_req.o
    0x08007584   0x08007584   0x0000004c   Code   RO         6705    i.USBD_StdItfReq    usbd_req.o
    0x080075d0   0x080075d0   0x00000020   Code   RO         6552    i.USBD_Suspend      usbd_core.o
    0x080075f0   0x080075f0   0x00000034   Code   RO         6985    i.USBD_USR_ConfigStrDescriptor  usbd_desc.o
    0x08007624   0x08007624   0x0000000c   Code   RO         7059    i.USBD_USR_DeviceConfigured  usbd_usr.o
    0x08007630   0x08007630   0x0000000c   Code   RO         7060    i.USBD_USR_DeviceConnected  usbd_usr.o
    0x0800763c   0x0800763c   0x00000010   Code   RO         6986    i.USBD_USR_DeviceDescriptor  usbd_desc.o
    0x0800764c   0x0800764c   0x0000000c   Code   RO         7061    i.USBD_USR_DeviceDisconnected  usbd_usr.o
    0x08007658   0x08007658   0x00000012   Code   RO         7062    i.USBD_USR_DeviceReset  usbd_usr.o
    0x0800766a   0x0800766a   0x00000002   PAD
    0x0800766c   0x0800766c   0x0000000c   Code   RO         7063    i.USBD_USR_DeviceResumed  usbd_usr.o
    0x08007678   0x08007678   0x0000000c   Code   RO         7064    i.USBD_USR_DeviceSuspended  usbd_usr.o
    0x08007684   0x08007684   0x00000002   Code   RO         7065    i.USBD_USR_Init     usbd_usr.o
    0x08007686   0x08007686   0x00000002   PAD
    0x08007688   0x08007688   0x00000038   Code   RO         6987    i.USBD_USR_InterfaceStrDescriptor  usbd_desc.o
    0x080076c0   0x080076c0   0x00000010   Code   RO         6988    i.USBD_USR_LangIDStrDescriptor  usbd_desc.o
    0x080076d0   0x080076d0   0x0000002c   Code   RO         6989    i.USBD_USR_ManufacturerStrDescriptor  usbd_desc.o
    0x080076fc   0x080076fc   0x00000070   Code   RO         6990    i.USBD_USR_ProductStrDescriptor  usbd_desc.o
    0x0800776c   0x0800776c   0x00000018   Code   RO         6991    i.USBD_USR_SerialStrDescriptor  usbd_desc.o
    0x08007784   0x08007784   0x00000010   Code   RO         6792    i.USBD_cdc_GetCfgDesc  usbd_cdc_core.o
    0x08007794   0x08007794   0x0000002c   Code   RO         6869    i.USB_OTG_BSP_EnableInterrupt  usb_bsp.o
    0x080077c0   0x080077c0   0x00000084   Code   RO         6870    i.USB_OTG_BSP_Init  usb_bsp.o
    0x08007844   0x08007844   0x0000000c   Code   RO         6871    i.USB_OTG_BSP_mDelay  usb_bsp.o
    0x08007850   0x08007850   0x0000000c   Code   RO         6872    i.USB_OTG_BSP_uDelay  usb_bsp.o
    0x0800785c   0x0800785c   0x00000126   Code   RO         6133    i.USB_OTG_CoreInit  usb_core.o
    0x08007982   0x08007982   0x0000020e   Code   RO         6134    i.USB_OTG_CoreInitDev  usb_core.o
    0x08007b90   0x08007b90   0x00000070   Code   RO         6135    i.USB_OTG_CoreReset  usb_core.o
    0x08007c00   0x08007c00   0x00000022   Code   RO         6136    i.USB_OTG_DisableGlobalInt  usb_core.o
    0x08007c22   0x08007c22   0x00000074   Code   RO         6137    i.USB_OTG_EP0Activate  usb_core.o
    0x08007c96   0x08007c96   0x00000156   Code   RO         6138    i.USB_OTG_EP0StartXfer  usb_core.o
    0x08007dec   0x08007dec   0x00000062   Code   RO         6139    i.USB_OTG_EP0_OutStart  usb_core.o
    0x08007e4e   0x08007e4e   0x00000098   Code   RO         6140    i.USB_OTG_EPActivate  usb_core.o
    0x08007ee6   0x08007ee6   0x00000050   Code   RO         6141    i.USB_OTG_EPClearStall  usb_core.o
    0x08007f36   0x08007f36   0x0000005e   Code   RO         6142    i.USB_OTG_EPDeactivate  usb_core.o
    0x08007f94   0x08007f94   0x00000064   Code   RO         6143    i.USB_OTG_EPSetStall  usb_core.o
    0x08007ff8   0x08007ff8   0x000001fe   Code   RO         6144    i.USB_OTG_EPStartXfer  usb_core.o
    0x080081f6   0x080081f6   0x00000034   Code   RO         6145    i.USB_OTG_EnableCommonInt  usb_core.o
    0x0800822a   0x0800822a   0x0000009a   Code   RO         6146    i.USB_OTG_EnableDevInt  usb_core.o
    0x080082c4   0x080082c4   0x00000022   Code   RO         6147    i.USB_OTG_EnableGlobalInt  usb_core.o
    0x080082e6   0x080082e6   0x00000002   PAD
    0x080082e8   0x080082e8   0x0000004c   Code   RO         6148    i.USB_OTG_FlushRxFifo  usb_core.o
    0x08008334   0x08008334   0x00000054   Code   RO         6149    i.USB_OTG_FlushTxFifo  usb_core.o
    0x08008388   0x08008388   0x00000038   Code   RO         6150    i.USB_OTG_GetDeviceSpeed  usb_core.o
    0x080083c0   0x080083c0   0x0000000c   Code   RO         6152    i.USB_OTG_GetMode   usb_core.o
    0x080083cc   0x080083cc   0x00000018   Code   RO         6153    i.USB_OTG_InitDevSpeed  usb_core.o
    0x080083e4   0x080083e4   0x00000016   Code   RO         6154    i.USB_OTG_IsDeviceMode  usb_core.o
    0x080083fa   0x080083fa   0x00000010   Code   RO         6156    i.USB_OTG_ReadCoreItr  usb_core.o
    0x0800840a   0x0800840a   0x00000010   Code   RO         6157    i.USB_OTG_ReadDevAllInEPItr  usb_core.o
    0x0800841a   0x0800841a   0x00000010   Code   RO         6158    i.USB_OTG_ReadDevAllOutEp_itr  usb_core.o
    0x0800842a   0x0800842a   0x00000014   Code   RO         6159    i.USB_OTG_ReadDevOutEP_itr  usb_core.o
    0x0800843e   0x0800843e   0x00000028   Code   RO         6161    i.USB_OTG_ReadPacket  usb_core.o
    0x08008466   0x08008466   0x00000002   PAD
    0x08008468   0x08008468   0x000000d0   Code   RO         6162    i.USB_OTG_SelectCore  usb_core.o
    0x08008538   0x08008538   0x0000004e   Code   RO         6163    i.USB_OTG_SetCurrentMode  usb_core.o
    0x08008586   0x08008586   0x00000040   Code   RO         6167    i.USB_OTG_WritePacket  usb_core.o
    0x080085c6   0x080085c6   0x00000002   PAD
    0x080085c8   0x080085c8   0x0000003c   Code   RO         3691    i.USB_Prc           usb_task.o
    0x08008604   0x08008604   0x00000014   Code   RO         2958    i.USB_Task          init_task.o
    0x08008618   0x08008618   0x00000068   Code   RO         4086    i.UpperMonitorDataProcess  usart6.o
    0x08008680   0x08008680   0x00000004   Code   RO          263    i.UsageFault_Handler  stm32f4xx_it.o
    0x08008684   0x08008684   0x000000c4   Code   RO         6907    i.VCP_Ctrl          usbd_cdc_vcp.o
    0x08008748   0x08008748   0x00000088   Code   RO         6908    i.VCP_DataRx        usbd_cdc_vcp.o
    0x080087d0   0x080087d0   0x000000a0   Code   RO         6909    i.VCP_DataTx        usbd_cdc_vcp.o
    0x08008870   0x08008870   0x00000006   Code   RO         6910    i.VCP_DeInit        usbd_cdc_vcp.o
    0x08008876   0x08008876   0x00000006   Code   RO         6911    i.VCP_Init          usbd_cdc_vcp.o
    0x0800887c   0x0800887c   0x00000002   Code   RO         3073    i.WorkStateChange   control_task.o
    0x0800887e   0x0800887e   0x00000002   PAD
    0x08008880   0x08008880   0x00000020   Code   RO         7511    i.__0printf         mc_w.l(printfa.o)
    0x080088a0   0x080088a0   0x00000028   Code   RO         7513    i.__0sprintf        mc_w.l(printfa.o)
    0x080088c8   0x080088c8   0x00000030   Code   RO         7619    i.__ARM_fpclassify  m_wm.l(fpclassify.o)
    0x080088f8   0x080088f8   0x00000360   Code   RO         7217    i.__hardfp_asin     m_wm.l(asin.o)
    0x08008c58   0x08008c58   0x000002d8   Code   RO         7591    i.__hardfp_atan     m_wm.l(atan.o)
    0x08008f30   0x08008f30   0x000001f0   Code   RO         7231    i.__hardfp_atan2    m_wm.l(atan2.o)
    0x08009120   0x08009120   0x00000014   Code   RO         7243    i.__hardfp_fabs     m_wm.l(fabs.o)
    0x08009134   0x08009134   0x0000007a   Code   RO         7249    i.__hardfp_sqrt     m_wm.l(sqrt.o)
    0x080091ae   0x080091ae   0x000000f8   Code   RO         7621    i.__kernel_poly     m_wm.l(poly.o)
    0x080092a6   0x080092a6   0x00000014   Code   RO         7606    i.__mathlib_dbl_infnan  m_wm.l(dunder.o)
    0x080092ba   0x080092ba   0x00000014   Code   RO         7607    i.__mathlib_dbl_infnan2  m_wm.l(dunder.o)
    0x080092ce   0x080092ce   0x00000002   PAD
    0x080092d0   0x080092d0   0x00000020   Code   RO         7608    i.__mathlib_dbl_invalid  m_wm.l(dunder.o)
    0x080092f0   0x080092f0   0x00000020   Code   RO         7611    i.__mathlib_dbl_underflow  m_wm.l(dunder.o)
    0x08009310   0x08009310   0x0000000e   Code   RO         7683    i.__scatterload_copy  mc_w.l(handlers.o)
    0x0800931e   0x0800931e   0x00000002   Code   RO         7684    i.__scatterload_null  mc_w.l(handlers.o)
    0x08009320   0x08009320   0x0000000e   Code   RO         7685    i.__scatterload_zeroinit  mc_w.l(handlers.o)
    0x0800932e   0x0800932e   0x00000002   PAD
    0x08009330   0x08009330   0x0000000c   Code   RO         7650    i.__set_errno       mc_w.l(errno.o)
    0x0800933c   0x0800933c   0x00000184   Code   RO         7518    i._fp_digits        mc_w.l(printfa.o)
    0x080094c0   0x080094c0   0x000006dc   Code   RO         7519    i._printf_core      mc_w.l(printfa.o)
    0x08009b9c   0x08009b9c   0x00000024   Code   RO         7520    i._printf_post_padding  mc_w.l(printfa.o)
    0x08009bc0   0x08009bc0   0x0000002e   Code   RO         7521    i._printf_pre_padding  mc_w.l(printfa.o)
    0x08009bee   0x08009bee   0x0000000a   Code   RO         7523    i._sputc            mc_w.l(printfa.o)
    0x08009bf8   0x08009bf8   0x000001b4   Code   RO         4224    i.angle_convert     can.o
    0x08009dac   0x08009dac   0x00000010   Code   RO         7593    i.atan              m_wm.l(atan.o)
    0x08009dbc   0x08009dbc   0x00000260   Code   RO         4225    i.can_msg_encode    can.o
    0x0800a01c   0x0800a01c   0x00000044   Code   RO          374    i.delay_init        delay.o
    0x0800a060   0x0800a060   0x00000044   Code   RO          375    i.delay_ms          delay.o
    0x0800a0a4   0x0800a0a4   0x00000048   Code   RO          376    i.delay_us          delay.o
    0x0800a0ec   0x0800a0ec   0x000000a0   Code   RO         3252    i.dma_buffer_to_unpack_buffer  judge_task.o
    0x0800a18c   0x0800a18c   0x00000094   Code   RO         5296    i.eTaskGetState     tasks.o
    0x0800a220   0x0800a220   0x00000018   Code   RO         7245    i.fabs              m_wm.l(fabs.o)
    0x0800a238   0x0800a238   0x00000036   Code   RO          602    i.fifo_s_init       data_fifo.o
    0x0800a26e   0x0800a26e   0x00000054   Code   RO          605    i.fifo_s_puts       data_fifo.o
    0x0800a2c2   0x0800a2c2   0x00000002   PAD
    0x0800a2c4   0x0800a2c4   0x0000001c   Code   RO         4427    i.fputc             uart8.o
    0x0800a2e0   0x0800a2e0   0x00000050   Code   RO         7539    i.free              mc_w.l(malloc.o)
    0x0800a330   0x0800a330   0x0000000c   Code   RO         3531    i.getFreeRTOSRunTimeTicks  monitor_task.o
    0x0800a33c   0x0800a33c   0x00000038   Code   RO         4144    i.get_ADC           adc.o
    0x0800a374   0x0800a374   0x000007a4   Code   RO         4630    i.imu_ahrs_update   bsp_imu.o
    0x0800ab18   0x0800ab18   0x000002d0   Code   RO         4631    i.imu_attitude_update  bsp_imu.o
    0x0800ade8   0x0800ade8   0x000002c4   Code   RO         4632    i.init_quaternion   bsp_imu.o
    0x0800b0ac   0x0800b0ac   0x0000003c   Code   RO         4633    i.inv_sqrt          bsp_imu.o
    0x0800b0e8   0x0800b0e8   0x00000100   Code   RO         4635    i.ist8310_init      bsp_imu.o
    0x0800b1e8   0x0800b1e8   0x0000003a   Code   RO         4636    i.ist_reg_read_by_mpu  bsp_imu.o
    0x0800b222   0x0800b222   0x00000040   Code   RO         4637    i.ist_reg_write_by_mpu  bsp_imu.o
    0x0800b262   0x0800b262   0x00000002   PAD
    0x0800b264   0x0800b264   0x00000020   Code   RO            3    i.main              main.o
    0x0800b284   0x0800b284   0x0000006c   Code   RO         7540    i.malloc            mc_w.l(malloc.o)
    0x0800b2f0   0x0800b2f0   0x0000015c   Code   RO         3583    i.menu_display      oled_task.o
    0x0800b44c   0x0800b44c   0x000000e8   Code   RO         3584    i.menu_init         oled_task.o
    0x0800b534   0x0800b534   0x00000050   Code   RO         3585    i.menu_option_creat  oled_task.o
    0x0800b584   0x0800b584   0x000000a8   Code   RO         3586    i.menu_switch       oled_task.o
    0x0800b62c   0x0800b62c   0x00000068   Code   RO         4638    i.mpu_device_init   bsp_imu.o
    0x0800b694   0x0800b694   0x00000154   Code   RO         4639    i.mpu_get_data      bsp_imu.o
    0x0800b7e8   0x0800b7e8   0x0000008c   Code   RO         4640    i.mpu_master_i2c_auto_read_config  bsp_imu.o
    0x0800b874   0x0800b874   0x00000130   Code   RO         4641    i.mpu_offset_call   bsp_imu.o
    0x0800b9a4   0x0800b9a4   0x00000040   Code   RO         4642    i.mpu_read_byte     bsp_imu.o
    0x0800b9e4   0x0800b9e4   0x00000058   Code   RO         4643    i.mpu_read_bytes    bsp_imu.o
    0x0800ba3c   0x0800ba3c   0x00000010   Code   RO         4644    i.mpu_set_accel_fsr  bsp_imu.o
    0x0800ba4c   0x0800ba4c   0x00000010   Code   RO         4645    i.mpu_set_gyro_fsr  bsp_imu.o
    0x0800ba5c   0x0800ba5c   0x0000003c   Code   RO         4646    i.mpu_write_byte    bsp_imu.o
    0x0800ba98   0x0800ba98   0x00000070   Code   RO         4489    i.oled_LOGO         oled.o
    0x0800bb08   0x0800bb08   0x00000054   Code   RO         4490    i.oled_clear        oled.o
    0x0800bb5c   0x0800bb5c   0x0000008c   Code   RO         4496    i.oled_drawpoint    oled.o
    0x0800bbe8   0x0800bbe8   0x00000120   Code   RO         4498    i.oled_init         oled.o
    0x0800bd08   0x0800bd08   0x00000016   Code   RO         4499    i.oled_pow          oled.o
    0x0800bd1e   0x0800bd1e   0x00000002   PAD
    0x0800bd20   0x0800bd20   0x00000038   Code   RO         4501    i.oled_refresh_gram  oled.o
    0x0800bd58   0x0800bd58   0x0000002e   Code   RO         4503    i.oled_set_pos      oled.o
    0x0800bd86   0x0800bd86   0x00000002   PAD
    0x0800bd88   0x0800bd88   0x00000094   Code   RO         4504    i.oled_showchar     oled.o
    0x0800be1c   0x0800be1c   0x00000082   Code   RO         4505    i.oled_shownum      oled.o
    0x0800be9e   0x0800be9e   0x00000030   Code   RO         4506    i.oled_showstring   oled.o
    0x0800bece   0x0800bece   0x00000002   PAD
    0x0800bed0   0x0800bed0   0x0000002c   Code   RO         4507    i.oled_write_byte   oled.o
    0x0800befc   0x0800befc   0x00000098   Code   RO         5298    i.prvAddCurrentTaskToDelayedList  tasks.o
    0x0800bf94   0x0800bf94   0x000000b8   Code   RO         5299    i.prvAddNewTaskToReadyList  tasks.o
    0x0800c04c   0x0800c04c   0x00000064   Code   RO         5671    i.prvCheckForValidListAndQueue  timers.o
    0x0800c0b0   0x0800c0b0   0x00000048   Code   RO         5300    i.prvCheckTasksWaitingTermination  tasks.o
    0x0800c0f8   0x0800c0f8   0x0000002a   Code   RO         4930    i.prvCopyDataFromQueue  queue.o
    0x0800c122   0x0800c122   0x0000007e   Code   RO         4931    i.prvCopyDataToQueue  queue.o
    0x0800c1a0   0x0800c1a0   0x00000012   Code   RO         5301    i.prvDeleteTCB      tasks.o
    0x0800c1b2   0x0800c1b2   0x00000002   PAD
    0x0800c1b4   0x0800c1b4   0x00000028   Code   RO         5672    i.prvGetNextExpireTime  timers.o
    0x0800c1dc   0x0800c1dc   0x0000007c   Code   RO         5902    i.prvHeapInit       heap_4.o
    0x0800c258   0x0800c258   0x00000028   Code   RO         5302    i.prvIdleTask       tasks.o
    0x0800c280   0x0800c280   0x0000002a   Code   RO         4934    i.prvInitialiseNewQueue  queue.o
    0x0800c2aa   0x0800c2aa   0x000000c0   Code   RO         5303    i.prvInitialiseNewTask  tasks.o
    0x0800c36a   0x0800c36a   0x00000002   PAD
    0x0800c36c   0x0800c36c   0x00000068   Code   RO         5304    i.prvInitialiseTaskLists  tasks.o
    0x0800c3d4   0x0800c3d4   0x00000068   Code   RO         5903    i.prvInsertBlockIntoFreeList  heap_4.o
    0x0800c43c   0x0800c43c   0x00000058   Code   RO         5674    i.prvInsertTimerInActiveList  timers.o
    0x0800c494   0x0800c494   0x0000001a   Code   RO         4935    i.prvIsQueueEmpty   queue.o
    0x0800c4ae   0x0800c4ae   0x0000001e   Code   RO         4936    i.prvIsQueueFull    queue.o
    0x0800c4cc   0x0800c4cc   0x0000006a   Code   RO         5305    i.prvListTasksWithinSingleList  tasks.o
    0x0800c536   0x0800c536   0x00000002   PAD
    0x0800c538   0x0800c538   0x00000074   Code   RO         5675    i.prvProcessExpiredTimer  timers.o
    0x0800c5ac   0x0800c5ac   0x00000138   Code   RO         5676    i.prvProcessReceivedCommands  timers.o
    0x0800c6e4   0x0800c6e4   0x00000074   Code   RO         5677    i.prvProcessTimerOrBlockTask  timers.o
    0x0800c758   0x0800c758   0x00000034   Code   RO         5306    i.prvResetNextTaskUnblockTime  tasks.o
    0x0800c78c   0x0800c78c   0x0000002c   Code   RO         5678    i.prvSampleTimeNow  timers.o
    0x0800c7b8   0x0800c7b8   0x000000a4   Code   RO         5679    i.prvSwitchTimerLists  timers.o
    0x0800c85c   0x0800c85c   0x00000016   Code   RO         5307    i.prvTaskCheckFreeStackSpace  tasks.o
    0x0800c872   0x0800c872   0x00000002   PAD
    0x0800c874   0x0800c874   0x00000040   Code   RO         5826    i.prvTaskExitError  port.o
    0x0800c8b4   0x0800c8b4   0x0000001a   Code   RO         5680    i.prvTimerTask      timers.o
    0x0800c8ce   0x0800c8ce   0x0000007e   Code   RO         4937    i.prvUnlockQueue    queue.o
    0x0800c94c   0x0800c94c   0x0000002a   Code   RO         5309    i.prvWriteNameToBuffer  tasks.o
    0x0800c976   0x0800c976   0x00000002   PAD
    0x0800c978   0x0800c978   0x0000013c   Code   RO         5904    i.pvPortMalloc      heap_4.o
    0x0800cab4   0x0800cab4   0x0000002c   Code   RO         5827    i.pxPortInitialiseStack  port.o
    0x0800cae0   0x0800cae0   0x000000ec   Code   RO         3898    i.remote_data_encode  dbus.o
    0x0800cbcc   0x0800cbcc   0x00000066   Code   RO         3899    i.remote_swich_encode  dbus.o
    0x0800cc32   0x0800cc32   0x00000002   PAD
    0x0800cc34   0x0800cc34   0x000009d8   Code   RO         3587    i.show_MEMS         oled_task.o
    0x0800d60c   0x0800d60c   0x0000000c   Code   RO         3588    i.show_MEMS_hook    oled_task.o
    0x0800d618   0x0800d618   0x0000000c   Code   RO         3589    i.show_logo_hook    oled_task.o
    0x0800d624   0x0800d624   0x000000c8   Code   RO         3591    i.show_task_runtime  oled_task.o
    0x0800d6ec   0x0800d6ec   0x00000108   Code   RO         3592    i.show_task_runtime_hook  oled_task.o
    0x0800d7f4   0x0800d7f4   0x000000ba   Code   RO         3593    i.show_time         oled_task.o
    0x0800d8ae   0x0800d8ae   0x00000002   PAD
    0x0800d8b0   0x0800d8b0   0x0000000c   Code   RO         3594    i.show_time_hook    oled_task.o
    0x0800d8bc   0x0800d8bc   0x0000006e   Code   RO         7251    i.sqrt              m_wm.l(sqrt.o)
    0x0800d92a   0x0800d92a   0x0000004a   Code   RO         3595    i.submenu_creat     oled_task.o
    0x0800d974   0x0800d974   0x00000158   Code   RO         6793    i.usbd_cdc_DataIn   usbd_cdc_core.o
    0x0800dacc   0x0800dacc   0x00000060   Code   RO         6794    i.usbd_cdc_DataOut  usbd_cdc_core.o
    0x0800db2c   0x0800db2c   0x00000048   Code   RO         6795    i.usbd_cdc_DeInit   usbd_cdc_core.o
    0x0800db74   0x0800db74   0x0000004c   Code   RO         6796    i.usbd_cdc_EP0_RxReady  usbd_cdc_core.o
    0x0800dbc0   0x0800dbc0   0x00000088   Code   RO         6797    i.usbd_cdc_Init     usbd_cdc_core.o
    0x0800dc48   0x0800dc48   0x00000030   Code   RO         6798    i.usbd_cdc_SOF      usbd_cdc_core.o
    0x0800dc78   0x0800dc78   0x00000128   Code   RO         6799    i.usbd_cdc_Setup    usbd_cdc_core.o
    0x0800dda0   0x0800dda0   0x00000024   Code   RO         6913    i.usbd_cdc_vcp_Init  usbd_cdc_vcp.o
    0x0800ddc4   0x0800ddc4   0x00000024   Code   RO         5954    i.usmart_Prc        usmart.o
    0x0800dde8   0x0800dde8   0x000000b0   Code   RO         5955    i.usmart_cmd_rec    usmart.o
    0x0800de98   0x0800de98   0x000002d0   Code   RO         5956    i.usmart_exe        usmart.o
    0x0800e168   0x0800e168   0x000000c8   Code   RO         6052    i.usmart_get_aparm  usmart_str.o
    0x0800e230   0x0800e230   0x00000036   Code   RO         6053    i.usmart_get_cmdname  usmart_str.o
    0x0800e266   0x0800e266   0x00000002   PAD
    0x0800e268   0x0800e268   0x000001c0   Code   RO         6054    i.usmart_get_fname  usmart_str.o
    0x0800e428   0x0800e428   0x0000010c   Code   RO         6055    i.usmart_get_fparam  usmart_str.o
    0x0800e534   0x0800e534   0x00000020   Code   RO         6056    i.usmart_get_parmpos  usmart_str.o
    0x0800e554   0x0800e554   0x00000044   Code   RO         5957    i.usmart_get_runtime  usmart.o
    0x0800e598   0x0800e598   0x0000000c   Code   RO         5958    i.usmart_init       usmart.o
    0x0800e5a4   0x0800e5a4   0x00000016   Code   RO         6057    i.usmart_pow        usmart_str.o
    0x0800e5ba   0x0800e5ba   0x00000002   PAD
    0x0800e5bc   0x0800e5bc   0x00000030   Code   RO         5959    i.usmart_reset_runtime  usmart.o
    0x0800e5ec   0x0800e5ec   0x000000bc   Code   RO         5960    i.usmart_scan       usmart.o
    0x0800e6a8   0x0800e6a8   0x00000016   Code   RO         6058    i.usmart_search_nextc  usmart_str.o
    0x0800e6be   0x0800e6be   0x000000ca   Code   RO         6059    i.usmart_str2num    usmart_str.o
    0x0800e788   0x0800e788   0x00000022   Code   RO         6060    i.usmart_strcmp     usmart_str.o
    0x0800e7aa   0x0800e7aa   0x00000016   Code   RO         6061    i.usmart_strcopy    usmart_str.o
    0x0800e7c0   0x0800e7c0   0x00000018   Code   RO         6062    i.usmart_strlen     usmart_str.o
    0x0800e7d8   0x0800e7d8   0x000006e4   Code   RO         5961    i.usmart_sys_cmd_exe  usmart.o
    0x0800eebc   0x0800eebc   0x00000028   Code   RO         4890    i.uxListRemove      list.o
    0x0800eee4   0x0800eee4   0x000000b4   Code   RO         5313    i.uxTaskGetSystemState  tasks.o
    0x0800ef98   0x0800ef98   0x00000024   Code   RO          530    i.vApplicationStackOverflowHook  sys.o
    0x0800efbc   0x0800efbc   0x0000001a   Code   RO         4891    i.vListInitialise   list.o
    0x0800efd6   0x0800efd6   0x00000006   Code   RO         4892    i.vListInitialiseItem  list.o
    0x0800efdc   0x0800efdc   0x00000034   Code   RO         4893    i.vListInsert       list.o
    0x0800f010   0x0800f010   0x00000018   Code   RO         4894    i.vListInsertEnd    list.o
    0x0800f028   0x0800f028   0x00000054   Code   RO         5829    i.vPortEnterCritical  port.o
    0x0800f07c   0x0800f07c   0x0000003c   Code   RO         5830    i.vPortExitCritical  port.o
    0x0800f0b8   0x0800f0b8   0x00000094   Code   RO         5905    i.vPortFree         heap_4.o
    0x0800f14c   0x0800f14c   0x00000028   Code   RO         5831    i.vPortSetupTimerInterrupt  port.o
    0x0800f174   0x0800f174   0x00000078   Code   RO         5832    i.vPortValidateInterruptPriority  port.o
    0x0800f1ec   0x0800f1ec   0x0000002c   Code   RO         4943    i.vQueueAddToRegistry  queue.o
    0x0800f218   0x0800f218   0x0000004a   Code   RO         4947    i.vQueueWaitForMessageRestricted  queue.o
    0x0800f262   0x0800f262   0x00000002   PAD
    0x0800f264   0x0800f264   0x0000005c   Code   RO         5318    i.vTaskDelay        tasks.o
    0x0800f2c0   0x0800f2c0   0x000000d4   Code   RO         5319    i.vTaskDelayUntil   tasks.o
    0x0800f394   0x0800f394   0x00000084   Code   RO         5322    i.vTaskGetInfo      tasks.o
    0x0800f418   0x0800f418   0x000000c4   Code   RO         5323    i.vTaskGetRunTimeStats  tasks.o
    0x0800f4dc   0x0800f4dc   0x00000018   Code   RO         5324    i.vTaskInternalSetTimeOutState  tasks.o
    0x0800f4f4   0x0800f4f4   0x0000000c   Code   RO         5326    i.vTaskMissedYield  tasks.o
    0x0800f500   0x0800f500   0x00000038   Code   RO         5328    i.vTaskPlaceOnEventList  tasks.o
    0x0800f538   0x0800f538   0x00000040   Code   RO         5329    i.vTaskPlaceOnEventListRestricted  tasks.o
    0x0800f578   0x0800f578   0x00000098   Code   RO         5337    i.vTaskStartScheduler  tasks.o
    0x0800f610   0x0800f610   0x00000010   Code   RO         5339    i.vTaskSuspendAll   tasks.o
    0x0800f620   0x0800f620   0x000000e4   Code   RO         5340    i.vTaskSwitchContext  tasks.o
    0x0800f704   0x0800f704   0x00000168   Code   RO         5833    i.xPortStartScheduler  port.o
    0x0800f86c   0x0800f86c   0x00000034   Code   RO         5834    i.xPortSysTickHandler  port.o
    0x0800f8a0   0x0800f8a0   0x0000005a   Code   RO         4950    i.xQueueGenericCreate  queue.o
    0x0800f8fa   0x0800f8fa   0x00000002   PAD
    0x0800f8fc   0x0800f8fc   0x00000098   Code   RO         4951    i.xQueueGenericReset  queue.o
    0x0800f994   0x0800f994   0x000001a8   Code   RO         4952    i.xQueueGenericSend  queue.o
    0x0800fb3c   0x0800fb3c   0x000000f8   Code   RO         4953    i.xQueueGenericSendFromISR  queue.o
    0x0800fc34   0x0800fc34   0x00000168   Code   RO         4960    i.xQueueReceive     queue.o
    0x0800fd9c   0x0800fd9c   0x0000008c   Code   RO         5341    i.xTaskCheckForTimeOut  tasks.o
    0x0800fe28   0x0800fe28   0x00000060   Code   RO         5342    i.xTaskCreate       tasks.o
    0x0800fe88   0x0800fe88   0x00000020   Code   RO         5346    i.xTaskGetSchedulerState  tasks.o
    0x0800fea8   0x0800fea8   0x0000000c   Code   RO         5347    i.xTaskGetTickCount  tasks.o
    0x0800feb4   0x0800feb4   0x00000148   Code   RO         5349    i.xTaskIncrementTick  tasks.o
    0x0800fffc   0x0800fffc   0x000000c8   Code   RO         5352    i.xTaskPriorityDisinherit  tasks.o
    0x080100c4   0x080100c4   0x00000098   Code   RO         5354    i.xTaskRemoveFromEventList  tasks.o
    0x0801015c   0x0801015c   0x00000104   Code   RO         5355    i.xTaskResumeAll    tasks.o
    0x08010260   0x08010260   0x00000058   Code   RO         5687    i.xTimerCreateTimerTask  timers.o
    0x080102b8   0x080102b8   0x00000084   Code   RO         5688    i.xTimerGenericCommand  timers.o
    0x0801033c   0x0801033c   0x0000002e   Data   RO         3788    .constdata          beep.o
    0x0801036a   0x0801036a   0x00000be0   Data   RO         4509    .constdata          oled.o
    0x08010f4a   0x08010f4a   0x00000002   PAD
    0x08010f4c   0x08010f4c   0x00000014   Data   RO         4648    .constdata          bsp_imu.o
    0x08010f60   0x08010f60   0x00000050   Data   RO         7220    .constdata          m_wm.l(asin.o)
    0x08010fb0   0x08010fb0   0x00000098   Data   RO         7594    .constdata          m_wm.l(atan.o)
    0x08011048   0x08011048   0x00000008   Data   RO         7623    .constdata          m_wm.l(qnan.o)
    0x08011050   0x08011050   0x00000040   Data   RO         7679    .constdata          mc_w.l(ctype_c.o)
    0x08011090   0x08011090   0x00000028   Data   RO         5963    .conststring        usmart.o
    0x080110b8   0x080110b8   0x000000c0   Data   RO         6031    .conststring        usmart_config.o
    0x08011178   0x08011178   0x00000020   Data   RO         7681    Region$$Table       anon$$obj.o


    Execution Region RW_IRAM1 (Exec base: 0x20000000, Load base: 0x08011198, Size: 0x00016e00, Max: 0x00030000, ABSOLUTE, COMPRESSED[0x00000234])

    Exec Addr    Load Addr    Size         Type   Attr      Idx    E Section Name        Object

    0x20000000   COMPRESSED   0x00000014   Data   RW          340    .data               system_stm32f4xx.o
    0x20000014   COMPRESSED   0x00000004   Data   RW          378    .data               delay.o
    0x20000018   COMPRESSED   0x00000002   Data   RW          531    .data               sys.o
    0x2000001a   COMPRESSED   0x00000010   Data   RW          925    .data               stm32f4xx_rcc.o
    0x2000002a   COMPRESSED   0x00000002   PAD
    0x2000002c   COMPRESSED   0x00000025   Data   RW         2959    .data               init_task.o
    0x20000051   COMPRESSED   0x00000003   PAD
    0x20000054   COMPRESSED   0x000003aa   Data   RW         3074    .data               control_task.o
    0x200003fe   COMPRESSED   0x00000004   Data   RW         3264    .data               judge_task.o
    0x20000402   COMPRESSED   0x00000002   PAD
    0x20000404   COMPRESSED   0x00000014   Data   RW         3455    .data               command_task.o
    0x20000418   COMPRESSED   0x00000008   Data   RW         3533    .data               monitor_task.o
    0x20000420   COMPRESSED   0x0000004c   Data   RW         3597    .data               oled_task.o
    0x2000046c   COMPRESSED   0x00000005   Data   RW         3692    .data               usb_task.o
    0x20000471   COMPRESSED   0x00000003   PAD
    0x20000474   COMPRESSED   0x00000006   Data   RW         3901    .data               dbus.o
    0x2000047a   COMPRESSED   0x00000002   PAD
    0x2000047c   COMPRESSED   0x00000011   Data   RW         4088    .data               usart6.o
    0x2000048d   COMPRESSED   0x00000003   PAD
    0x20000490   COMPRESSED   0x000000f0   Data   RW         4227    .data               can.o
    0x20000580   COMPRESSED   0x00000002   Data   RW         4322    .data               usart3.o
    0x20000582   COMPRESSED   0x00000002   Data   RW         4387    .data               uart7.o
    0x20000584   COMPRESSED   0x00000006   Data   RW         4429    .data               uart8.o
    0x2000058a   COMPRESSED   0x00000002   PAD
    0x2000058c   COMPRESSED   0x00000068   Data   RW         4649    .data               bsp_imu.o
    0x200005f4   COMPRESSED   0x00000044   Data   RW         5358    .data               tasks.o
    0x20000638   COMPRESSED   0x00000014   Data   RW         5694    .data               timers.o
    0x2000064c   COMPRESSED   0x0000000c   Data   RW         5835    .data               port.o
    0x20000658   COMPRESSED   0x00000018   Data   RW         5910    .data               heap_4.o
    0x20000670   COMPRESSED   0x0000001c   Data   RW         5964    .data               usmart.o
    0x2000068c   COMPRESSED   0x00000124   Data   RW         6032    .data               usmart_config.o
    0x200007b0   COMPRESSED   0x00000034   Data   RW         6553    .data               usbd_core.o
    0x200007e4   COMPRESSED   0x0000000d   Data   RW         6706    .data               usbd_req.o
    0x200007f1   COMPRESSED   0x00000003   PAD
    0x200007f4   COMPRESSED   0x000000f0   Data   RW         6801    .data               usbd_cdc_core.o
    0x200008e4   COMPRESSED   0x00000044   Data   RW         6917    .data               usbd_cdc_vcp.o
    0x20000928   COMPRESSED   0x00000056   Data   RW         6993    .data               usbd_desc.o
    0x2000097e   COMPRESSED   0x00000002   PAD
    0x20000980   COMPRESSED   0x00000020   Data   RW         7066    .data               usbd_usr.o
    0x200009a0   COMPRESSED   0x00000004   Data   RW         7646    .data               mc_w.l(mvars.o)
    0x200009a4   COMPRESSED   0x00000004   Data   RW         7647    .data               mc_w.l(mvars.o)
    0x200009a8   COMPRESSED   0x00000004   Data   RW         7651    .data               mc_w.l(errno.o)
    0x200009ac        -       0x0000083c   Zero   RW         3262    .bss                judge_task.o
    0x200011e8        -       0x000000f0   Zero   RW         3596    .bss                oled_task.o
    0x200012d8        -       0x00000074   Zero   RW         3900    .bss                dbus.o
    0x2000134c        -       0x0000000c   Zero   RW         4087    .bss                usart6.o
    0x20001358        -       0x00000060   Zero   RW         4226    .bss                can.o
    0x200013b8        -       0x000000c8   Zero   RW         4321    .bss                usart3.o
    0x20001480        -       0x000000c8   Zero   RW         4386    .bss                uart7.o
    0x20001548        -       0x000000c8   Zero   RW         4428    .bss                uart8.o
    0x20001610        -       0x00000400   Zero   RW         4508    .bss                oled.o
    0x20001a10        -       0x00000064   Zero   RW         4647    .bss                bsp_imu.o
    0x20001a74        -       0x00000040   Zero   RW         4964    .bss                queue.o
    0x20001ab4        -       0x000000c8   Zero   RW         5357    .bss                tasks.o
    0x20001b7c        -       0x00000028   Zero   RW         5693    .bss                timers.o
    0x20001ba4        -       0x00012c00   Zero   RW         5909    .bss                heap_4.o
    0x200147a4        -       0x0000090d   Zero   RW         6800    .bss                usbd_cdc_core.o
    0x200150b1   COMPRESSED   0x00000003   PAD
    0x200150b4        -       0x0000084c   Zero   RW         6916    .bss                usbd_cdc_vcp.o
    0x20015900        -       0x000000ff   Zero   RW         6992    .bss                usbd_desc.o
    0x200159ff   COMPRESSED   0x00000001   PAD
    0x20015a00        -       0x00001000   Zero   RW          722    HEAP                startup_stm32f427xx.o
    0x20016a00        -       0x00000400   Zero   RW          721    STACK               startup_stm32f427xx.o


==============================================================================

Image component sizes


      Code (inc. data)   RO Data    RW Data    ZI Data      Debug   Object Name

       212         14          0          0          0       1225   adc.o
       252         20         46          0          0       2687   beep.o
       142         12          0          0          0       1010   bsp.o
      4974        386         20        104        100      12764   bsp_imu.o
      4212        506          0        240         96      10477   can.o
       130          0          0          0          0        994   can_task.o
       946         72          0         20          0       6164   command_task.o
      2668        378          0        938          0      15610   control_task.o
       138          0          0          0          0       1844   data_fifo.o
       930         68          0          6        116       4343   dbus.o
       208         20          0          4          0       1963   delay.o
         0          0          0          0          0       9656   event_groups.o
        48          6          0          0          0        518   gun.o
       692         62          0         24      76800       4359   heap_4.o
       694        192          0         37          0      10091   init_task.o
       492         78          0          4       2108       7777   judge_task.o
       208         22          0          0          0       1582   key.o
        84         12          0          0          0        999   laser.o
       212         30          0          0          0       1083   led.o
       148          0          0          0          0       3186   list.o
        32          6          0          0          0     350671   main.o
       180         24          0          0          0       2033   misc.o
        58         12          0          8          0       2974   monitor_task.o
      1118         38       3040          0       1024       8118   oled.o
      4612        328          0         76        240      10742   oled_task.o
       270          6          0          0          0       2059   pid_regulator.o
      1014         92          0         12          0      11381   port.o
        72          8          0          0          0       1008   power.o
      1784         20          0          0         64      15590   queue.o
        84          0          0          0          0       4186   ramp.o
       652         34          0          0          0       2517   spi.o
        36          8        428          0       5120        824   startup_stm32f427xx.o
       424         34          0          0          0       6557   stm32f4xx_adc.o
      1710         26          0          0          0       8060   stm32f4xx_can.o
       736         72          0          0          0       8046   stm32f4xx_dma.o
       184         16          0          0          0       2052   stm32f4xx_exti.o
       232          0          0          0          0       3415   stm32f4xx_gpio.o
        20          0          0          0          0       2669   stm32f4xx_it.o
       424         54          0         16          0       6302   stm32f4xx_rcc.o
       160          0          0          0          0       4549   stm32f4xx_spi.o
        64          4          0          0          0        644   stm32f4xx_syscfg.o
       418         38          0          0          0       8316   stm32f4xx_tim.o
       688         42          0          0          0       6591   stm32f4xx_usart.o
       112         26          0          2          0       3382   sys.o
       392         32          0         20          0       1749   system_stm32f4xx.o
      3716        446          0         68        200      30581   tasks.o
       132         10          0          0          0       1042   timer.o
      1226        116          0         20         40      22283   timers.o
       136         14          0          2        200       1125   uart7.o
       336         26          0          6        200       3682   uart8.o
       196         12          0          0          0        686   usart2.o
       136         14          0          2        200       1176   usart3.o
       408         36          0         17         12       2826   usart6.o
       200          6          0          0          0       2791   usb_bsp.o
      3430         18          0          0          0      21824   usb_core.o
       666          0          0          0          0       6164   usb_dcd.o
      2240         98          0          0          0      10023   usb_dcd_int.o
        60         10          0          5          0      21976   usb_task.o
      1524        158          0        240       2317      10897   usbd_cdc_core.o
       540         54          0         68       2124       5603   usbd_cdc_vcp.o
       784          6          0         52          0      10844   usbd_core.o
       434        170          0         86        255       7183   usbd_desc.o
       224          0          0          0          0       4692   usbd_ioreq.o
      1756         56          0         13          0      10958   usbd_req.o
       108         32          0         32          0       4443   usbd_usr.o
      3012       1322         40         28          0       6178   usmart.o
         0          0        192        292          0       1516   usmart_config.o
      1328         20          0          0          0       8773   usmart_str.o

    ----------------------------------------------------------------------
     55540       5422       3800       2464      91220     770033   Object Totals
         0          0         32          0          0          0   (incl. Generated)
        82          0          2         22          4          0   (incl. Padding)

    ----------------------------------------------------------------------

      Code (inc. data)   RO Data    RW Data    ZI Data      Debug   Library Member Name

      1444          0          0          0          0      11304   fifo.o
       864         94         80          0          0        280   asin.o
       744        106        152          0          0        352   atan.o
       496         64          0          0          0        192   atan2.o
       104         16          0          0          0        496   dunder.o
        44          0          0          0          0        248   fabs.o
        48          0          0          0          0        124   fpclassify.o
       248          0          0          0          0        152   poly.o
         0          0          8          0          0          0   qnan.o
       232          0          0          0          0        296   sqrt.o
        56          8          0          0          0         84   __0sscanf.o
        86          0          0          0          0          0   __dczerorl2.o
        28          0          0          0          0         68   _chval.o
       812          4          0          0          0        112   _scanf.o
       332          0          0          0          0         96   _scanf_int.o
       224          0          0          0          0         96   _scanf_str.o
        64          0          0          0          0         84   _sgetc.o
        40          6         64          0          0         68   ctype_c.o
         0          0          0          0          0          0   entry.o
         0          0          0          0          0          0   entry10a.o
         0          0          0          0          0          0   entry11a.o
         8          4          0          0          0          0   entry2.o
         4          0          0          0          0          0   entry5.o
         0          0          0          0          0          0   entry7b.o
         0          0          0          0          0          0   entry8b.o
         8          4          0          0          0          0   entry9a.o
        12          6          0          4          0         68   errno.o
        30          0          0          0          0          0   handlers.o
        36          8          0          0          0         68   init.o
        10          0          0          0          0         68   isspace_c.o
         0          0          0          0          0          0   iusefp.o
        30          0          0          0          0         68   llshl.o
        36          0          0          0          0         68   llsshr.o
        32          0          0          0          0         68   llushr.o
       188         20          0          0          0        160   malloc.o
        36          0          0          0          0         68   memcpya.o
        36          0          0          0          0        108   memseta.o
         0          0          0          8          0          0   mvars.o
      2308         96          0          0          0        604   printfa.o
        40          8          0          0          0         84   scanf_char.o
        20          0          0          0          0         68   strchr.o
        18          0          0          0          0         68   strcpy.o
        14          0          0          0          0         68   strlen.o
        44          0          0          0          0         80   uidiv.o
        98          0          0          0          0         92   uldiv.o
        48          0          0          0          0         68   cdcmple.o
        48          0          0          0          0         68   cdrcmple.o
        56          0          0          0          0         88   d2f.o
       334          0          0          0          0        148   dadd.o
       222          0          0          0          0        100   ddiv.o
       186          0          0          0          0        176   depilogue.o
        48          0          0          0          0         68   dfixul.o
        34          0          0          0          0         76   dflti.o
       228          0          0          0          0         96   dmul.o
       162          0          0          0          0        100   dsqrt.o
        38          0          0          0          0         68   f2d.o
       110          0          0          0          0        168   fepilogue.o

    ----------------------------------------------------------------------
     10396        444        304         12          0      17084   Library Totals
         8          0          0          0          0          0   (incl. Padding)

    ----------------------------------------------------------------------

      Code (inc. data)   RO Data    RW Data    ZI Data      Debug   Library Name

      1444          0          0          0          0      11304   RMLib.lib
      2780        280        240          0          0       2140   m_wm.l
      4650        164         64         12          0       2416   mc_w.l
      1514          0          0          0          0       1224   mf_w.l

    ----------------------------------------------------------------------
     10396        444        304         12          0      17084   Library Totals

    ----------------------------------------------------------------------

==============================================================================


      Code (inc. data)   RO Data    RW Data    ZI Data      Debug   

     65936       5866       4104       2476      91220     737573   Grand Totals
     65936       5866       4104        564      91220     737573   ELF Image Totals (compressed)
     65936       5866       4104        564          0          0   ROM Totals

==============================================================================

    Total RO  Size (Code + RO Data)                70040 (  68.40kB)
    Total RW  Size (RW Data + ZI Data)             93696 (  91.50kB)
    Total ROM Size (Code + RO Data + RW Data)      70604 (  68.95kB)

==============================================================================

